Archive member included because of file (symbol)

/usr/bin/../lib/gcc/arm-none-eabi/4.8.3/../../../../arm-none-eabi/lib/armv7e-m/fpu/libm.a(lib_a-w_acos.o)
                              src/main.o (acos)
/usr/bin/../lib/gcc/arm-none-eabi/4.8.3/../../../../arm-none-eabi/lib/armv7e-m/fpu/libm.a(lib_a-w_sqrt.o)
                              src/main.o (sqrt)
/usr/bin/../lib/gcc/arm-none-eabi/4.8.3/../../../../arm-none-eabi/lib/armv7e-m/fpu/libm.a(lib_a-wf_atan2.o)
                              src/main.o (atan2f)
/usr/bin/../lib/gcc/arm-none-eabi/4.8.3/../../../../arm-none-eabi/lib/armv7e-m/fpu/libm.a(lib_a-e_acos.o)
                              /usr/bin/../lib/gcc/arm-none-eabi/4.8.3/../../../../arm-none-eabi/lib/armv7e-m/fpu/libm.a(lib_a-w_acos.o) (__ieee754_acos)
/usr/bin/../lib/gcc/arm-none-eabi/4.8.3/../../../../arm-none-eabi/lib/armv7e-m/fpu/libm.a(lib_a-e_sqrt.o)
                              /usr/bin/../lib/gcc/arm-none-eabi/4.8.3/../../../../arm-none-eabi/lib/armv7e-m/fpu/libm.a(lib_a-w_sqrt.o) (__ieee754_sqrt)
/usr/bin/../lib/gcc/arm-none-eabi/4.8.3/../../../../arm-none-eabi/lib/armv7e-m/fpu/libm.a(lib_a-ef_atan2.o)
                              /usr/bin/../lib/gcc/arm-none-eabi/4.8.3/../../../../arm-none-eabi/lib/armv7e-m/fpu/libm.a(lib_a-wf_atan2.o) (__ieee754_atan2f)
/usr/bin/../lib/gcc/arm-none-eabi/4.8.3/../../../../arm-none-eabi/lib/armv7e-m/fpu/libm.a(lib_a-s_fabs.o)
                              /usr/bin/../lib/gcc/arm-none-eabi/4.8.3/../../../../arm-none-eabi/lib/armv7e-m/fpu/libm.a(lib_a-w_acos.o) (fabs)
/usr/bin/../lib/gcc/arm-none-eabi/4.8.3/../../../../arm-none-eabi/lib/armv7e-m/fpu/libm.a(lib_a-s_fpclassify.o)
                              /usr/bin/../lib/gcc/arm-none-eabi/4.8.3/../../../../arm-none-eabi/lib/armv7e-m/fpu/libm.a(lib_a-w_acos.o) (__fpclassifyd)
/usr/bin/../lib/gcc/arm-none-eabi/4.8.3/../../../../arm-none-eabi/lib/armv7e-m/fpu/libm.a(lib_a-s_lib_ver.o)
                              /usr/bin/../lib/gcc/arm-none-eabi/4.8.3/../../../../arm-none-eabi/lib/armv7e-m/fpu/libm.a(lib_a-w_acos.o) (__fdlib_version)
/usr/bin/../lib/gcc/arm-none-eabi/4.8.3/../../../../arm-none-eabi/lib/armv7e-m/fpu/libm.a(lib_a-s_matherr.o)
                              /usr/bin/../lib/gcc/arm-none-eabi/4.8.3/../../../../arm-none-eabi/lib/armv7e-m/fpu/libm.a(lib_a-w_acos.o) (matherr)
/usr/bin/../lib/gcc/arm-none-eabi/4.8.3/../../../../arm-none-eabi/lib/armv7e-m/fpu/libm.a(lib_a-s_nan.o)
                              /usr/bin/../lib/gcc/arm-none-eabi/4.8.3/../../../../arm-none-eabi/lib/armv7e-m/fpu/libm.a(lib_a-w_acos.o) (nan)
/usr/bin/../lib/gcc/arm-none-eabi/4.8.3/../../../../arm-none-eabi/lib/armv7e-m/fpu/libm.a(lib_a-sf_atan.o)
                              /usr/bin/../lib/gcc/arm-none-eabi/4.8.3/../../../../arm-none-eabi/lib/armv7e-m/fpu/libm.a(lib_a-ef_atan2.o) (atanf)
/usr/bin/../lib/gcc/arm-none-eabi/4.8.3/../../../../arm-none-eabi/lib/armv7e-m/fpu/libm.a(lib_a-sf_fabs.o)
                              /usr/bin/../lib/gcc/arm-none-eabi/4.8.3/../../../../arm-none-eabi/lib/armv7e-m/fpu/libm.a(lib_a-ef_atan2.o) (fabsf)
/usr/bin/../lib/gcc/arm-none-eabi/4.8.3/../../../../arm-none-eabi/lib/armv7e-m/fpu/libc.a(lib_a-errno.o)
                              /usr/bin/../lib/gcc/arm-none-eabi/4.8.3/../../../../arm-none-eabi/lib/armv7e-m/fpu/libm.a(lib_a-w_acos.o) (__errno)
/usr/bin/../lib/gcc/arm-none-eabi/4.8.3/../../../../arm-none-eabi/lib/armv7e-m/fpu/libc.a(lib_a-exit.o)
                              /usr/bin/../lib/gcc/arm-none-eabi/4.8.3/../../../../arm-none-eabi/lib/armv7e-m/fpu/crt0.o (exit)
/usr/bin/../lib/gcc/arm-none-eabi/4.8.3/../../../../arm-none-eabi/lib/armv7e-m/fpu/libc.a(lib_a-impure.o)
                              /usr/bin/../lib/gcc/arm-none-eabi/4.8.3/../../../../arm-none-eabi/lib/armv7e-m/fpu/libc.a(lib_a-exit.o) (_global_impure_ptr)
/usr/bin/../lib/gcc/arm-none-eabi/4.8.3/../../../../arm-none-eabi/lib/armv7e-m/fpu/libc.a(lib_a-init.o)
                              /usr/bin/../lib/gcc/arm-none-eabi/4.8.3/../../../../arm-none-eabi/lib/armv7e-m/fpu/crt0.o (__libc_init_array)
/usr/bin/../lib/gcc/arm-none-eabi/4.8.3/../../../../arm-none-eabi/lib/armv7e-m/fpu/libc.a(lib_a-memset.o)
                              /usr/bin/../lib/gcc/arm-none-eabi/4.8.3/../../../../arm-none-eabi/lib/armv7e-m/fpu/crt0.o (memset)
/usr/bin/../lib/gcc/arm-none-eabi/4.8.3/../../../../arm-none-eabi/lib/armv7e-m/fpu/libc.a(lib_a-printf.o)
                              src/main.o (printf)
/usr/bin/../lib/gcc/arm-none-eabi/4.8.3/../../../../arm-none-eabi/lib/armv7e-m/fpu/libc.a(lib_a-reent.o)
                              src/newlib_stubs.o (errno)
/usr/bin/../lib/gcc/arm-none-eabi/4.8.3/../../../../arm-none-eabi/lib/armv7e-m/fpu/libc.a(lib_a-vfprintf.o)
                              /usr/bin/../lib/gcc/arm-none-eabi/4.8.3/../../../../arm-none-eabi/lib/armv7e-m/fpu/libc.a(lib_a-printf.o) (_vfprintf_r)
/usr/bin/../lib/gcc/arm-none-eabi/4.8.3/../../../../arm-none-eabi/lib/armv7e-m/fpu/libc.a(lib_a-wsetup.o)
[...]
Memory Configuration

Name             Origin             Length             Attributes
FLASH            0x08000000         0x00040000         xr
RAM              0x20000000         0x0000a000         xrw
MEMORY_B1        0x60000000         0x00000000         xr
CCMRAM           0x10000000         0x00002000         rw
*default*        0x00000000         0xffffffff

Linker script and memory map

LOAD /usr/bin/../lib/gcc/arm-none-eabi/4.8.3/armv7e-m/fpu/crti.o
LOAD /usr/bin/../lib/gcc/arm-none-eabi/4.8.3/armv7e-m/fpu/crtbegin.o
LOAD /usr/bin/../lib/gcc/arm-none-eabi/4.8.3/../../../../arm-none-eabi/lib/armv7e-m/fpu/crt0.o
LOAD Libraries/STM32F30x_StdPeriph_Driver/src/stm32f30x_comp.o
LOAD Libraries/STM32F30x_StdPeriph_Driver/src/stm32f30x_opamp.o
LOAD Libraries/STM32F30x_StdPeriph_Driver/src/stm32f30x_exti.o
LOAD Libraries/STM32F30x_StdPeriph_Driver/src/stm32f30x_dma.o
LOAD Libraries/STM32F30x_StdPeriph_Driver/src/stm32f30x_dbgmcu.o
LOAD Libraries/STM32F30x_StdPeriph_Driver/src/stm32f30x_dac.o
LOAD Libraries/STM32F30x_StdPeriph_Driver/src/stm32f30x_can.o
LOAD Libraries/STM32F30x_StdPeriph_Driver/src/stm32f30x_rtc.o
LOAD Libraries/STM32F30x_StdPeriph_Driver/src/stm32f30x_pwr.o
LOAD Libraries/STM32F30x_StdPeriph_Driver/src/stm32f30x_i2c.o
LOAD Libraries/STM32F30x_StdPeriph_Driver/src/stm32f30x_crc.o
LOAD Libraries/STM32F30x_StdPeriph_Driver/src/stm32f30x_iwdg.o
LOAD Libraries/STM32F30x_StdPeriph_Driver/src/stm32f30x_rcc.o
LOAD Libraries/STM32F30x_StdPeriph_Driver/src/stm32f30x_flash.o
LOAD Libraries/STM32F30x_StdPeriph_Driver/src/stm32f30x_syscfg.o
LOAD Libraries/STM32F30x_StdPeriph_Driver/src/stm32f30x_usart.o
LOAD Libraries/STM32F30x_StdPeriph_Driver/src/stm32f30x_misc.o
LOAD Libraries/STM32F30x_StdPeriph_Driver/src/stm32f30x_tim.o
LOAD Libraries/STM32F30x_StdPeriph_Driver/src/stm32f30x_wwdg.o
LOAD Libraries/STM32F30x_StdPeriph_Driver/src/stm32f30x_adc.o
LOAD Libraries/STM32F30x_StdPeriph_Driver/src/stm32f30x_spi.o
LOAD Libraries/STM32F30x_StdPeriph_Driver/src/stm32f30x_gpio.o
LOAD src/sensors.o
LOAD src/common.o
LOAD src/stm32f3_discovery_l3gd20.o
LOAD src/stm32f3_discovery.o
LOAD src/newlib_stubs.o
LOAD src/stm32f3_discovery_lsm303dlhc.o
LOAD src/main.o
LOAD src/system_stm32f30x.o
LOAD src/usart.o
LOAD src/startup_stm32f30x.o
LOAD /usr/bin/../lib/gcc/arm-none-eabi/4.8.3/../../../../arm-none-eabi/lib/armv7e-m/fpu/libm.a
LOAD /usr/bin/../lib/gcc/arm-none-eabi/4.8.3/../../../../arm-none-eabi/lib/armv7e-m/fpu/libc.a
START GROUP
LOAD /usr/bin/../lib/gcc/arm-none-eabi/4.8.3/armv7e-m/fpu/libgcc.a
LOAD /usr/bin/../lib/gcc/arm-none-eabi/4.8.3/../../../../arm-none-eabi/lib/armv7e-m/fpu/libg.a
LOAD /usr/bin/../lib/gcc/arm-none-eabi/4.8.3/../../../../arm-none-eabi/lib/armv7e-m/fpu/libc.a
END GROUP
LOAD /usr/bin/../lib/gcc/arm-none-eabi/4.8.3/armv7e-m/fpu/crtend.o
LOAD /usr/bin/../lib/gcc/arm-none-eabi/4.8.3/armv7e-m/fpu/crtn.o
                0x2000a000                _estack = 0x2000a000
                0x00000000                _Min_Heap_Size = 0x0
                0x00000200                _Min_Stack_Size = 0x200

.isr_vector     0x08000000      0x188
                0x08000000                . = ALIGN (0x4)
 *(.isr_vector)
 .isr_vector    0x08000000      0x188 src/startup_stm32f30x.o
                0x08000000                g_pfnVectors
                0x08000188                . = ALIGN (0x4)

.text           0x08000188     0x8fd8
                0x08000188                . = ALIGN (0x4)
 *(.text)
 .text          0x08000188       0x54 /usr/bin/../lib/gcc/arm-none-eabi/4.8.3/armv7e-m/fpu/crtbegin.o
 .text          0x080001dc      0x134 /usr/bin/../lib/gcc/arm-none-eabi/4.8.3/../../../../arm-none-eabi/lib/armv7e-m/fpu/libc.a(lib_a-memcpy.o)
                0x080001dc                memcpy
 .text          0x08000310      0x370 /usr/bin/../lib/gcc/arm-none-eabi/4.8.3/armv7e-m/fpu/libgcc.a(_arm_addsubdf3.o)
                0x08000310                __aeabi_drsub
                0x08000318                __aeabi_dsub
                0x08000318                __subdf3
                0x0800031c                __adddf3
                0x0800031c                __aeabi_dadd
                0x08000594                __aeabi_ui2d
                0x08000594                __floatunsidf
                0x080005b4                __floatsidf
                0x080005b4                __aeabi_i2d
                0x080005d8                __extendsfdf2
                0x080005d8                __aeabi_f2d
                0x08000614                __aeabi_ul2d
                0x08000614                __floatundidf
                0x08000624                __floatdidf
                0x08000624                __aeabi_l2d
 .text          0x08000680      0x424 /usr/bin/../lib/gcc/arm-none-eabi/4.8.3/armv7e-m/fpu/libgcc.a(_arm_muldivdf3.o)
                0x08000680                __aeabi_dmul
                0x08000680                __muldf3
                0x080008d4                __aeabi_ddiv
                0x080008d4                __divdf3
 .text          0x08000aa4      0x110 /usr/bin/../lib/gcc/arm-none-eabi/4.8.3/armv7e-m/fpu/libgcc.a(_arm_cmpdf2.o)
                0x08000aa4                __gtdf2
                0x08000aa4                __gedf2
                0x08000aac                __ltdf2
                0x08000aac                __ledf2
                0x08000ab4                __cmpdf2
                0x08000ab4                __eqdf2
                0x08000ab4                __nedf2
                0x08000b30                __aeabi_cdrcmple
                0x08000b40                __aeabi_cdcmple
                0x08000b40                __aeabi_cdcmpeq
                0x08000b50                __aeabi_dcmpeq
                0x08000b64                __aeabi_dcmplt
                0x08000b78                __aeabi_dcmple
                0x08000b8c                __aeabi_dcmpge
                0x08000ba0                __aeabi_dcmpgt
 .text          0x08000bb4       0x50 /usr/bin/../lib/gcc/arm-none-eabi/4.8.3/armv7e-m/fpu/libgcc.a(_arm_fixdfsi.o)
                0x08000bb4                __fixdfsi
                0x08000bb4                __aeabi_d2iz
 .text          0x08000c04       0xa0 /usr/bin/../lib/gcc/arm-none-eabi/4.8.3/armv7e-m/fpu/libgcc.a(_arm_truncdfsf2.o)
                0x08000c04                __aeabi_d2f
                0x08000c04                __truncdfsf2
 .text          0x08000ca4       0x2c /usr/bin/../lib/gcc/arm-none-eabi/4.8.3/armv7e-m/fpu/libgcc.a(_aeabi_uldivmod.o)
                0x08000ca4                __aeabi_uldivmod
 .text          0x08000cd0       0x60 /usr/bin/../lib/gcc/arm-none-eabi/4.8.3/armv7e-m/fpu/libgcc.a(bpabi.o)
                0x08000cd0                __gnu_ldivmod_helper
                0x08000d00                __gnu_uldivmod_helper
 .text          0x08000d30        0x4 /usr/bin/../lib/gcc/arm-none-eabi/4.8.3/armv7e-m/fpu/libgcc.a(_dvmd_tls.o)
                0x08000d30                __aeabi_ldiv0
                0x08000d30                __aeabi_idiv0
 .text          0x08000d34      0x298 /usr/bin/../lib/gcc/arm-none-eabi/4.8.3/armv7e-m/fpu/libgcc.a(_divdi3.o)
                0x08000d34                __divdi3
 .text          0x08000fcc      0x284 /usr/bin/../lib/gcc/arm-none-eabi/4.8.3/armv7e-m/fpu/libgcc.a(_udivdi3.o)
                0x08000fcc                __udivdi3
 *(.text*)
 .text.EXTI_Init
                0x08001250      0x1f4 Libraries/STM32F30x_StdPeriph_Driver/src/stm32f30x_exti.o
                0x08001250                EXTI_Init
 .text.EXTI_GetITStatus
                0x08001444       0x70 Libraries/STM32F30x_StdPeriph_Driver/src/stm32f30x_exti.o
                0x08001444                EXTI_GetITStatus
 .text.EXTI_ClearITPendingBit
                0x080014b4       0x30 Libraries/STM32F30x_StdPeriph_Driver/src/stm32f30x_exti.o
                0x080014b4                EXTI_ClearITPendingBit
 .text.I2C_Init
                0x080014e4       0xc8 Libraries/STM32F30x_StdPeriph_Driver/src/stm32f30x_i2c.o
                0x080014e4                I2C_Init
 .text.I2C_Cmd  0x080015ac       0x38 Libraries/STM32F30x_StdPeriph_Driver/src/stm32f30x_i2c.o
                0x080015ac                I2C_Cmd
 .text.I2C_TransferHandling
                0x080015e4       0x58 Libraries/STM32F30x_StdPeriph_Driver/src/stm32f30x_i2c.o
                0x080015e4                I2C_TransferHandling
 .text.I2C_SendData
                0x0800163c       0x1c Libraries/STM32F30x_StdPeriph_Driver/src/stm32f30x_i2c.o
                0x0800163c                I2C_SendData
 .text.I2C_ReceiveData
                0x08001658       0x1c Libraries/STM32F30x_StdPeriph_Driver/src/stm32f30x_i2c.o
                0x08001658                I2C_ReceiveData
 .text.I2C_GetFlagStatus
                0x08001674       0x40 Libraries/STM32F30x_StdPeriph_Driver/src/stm32f30x_i2c.o
                0x08001674                I2C_GetFlagStatus
 .text.I2C_ClearFlag
                0x080016b4       0x1c Libraries/STM32F30x_StdPeriph_Driver/src/stm32f30x_i2c.o
                0x080016b4                I2C_ClearFlag
 .text.RCC_GetClocksFreq
                0x080016d0      0x414 Libraries/STM32F30x_StdPeriph_Driver/src/stm32f30x_rcc.o
                0x080016d0                RCC_GetClocksFreq
 .text.RCC_AHBPeriphClockCmd
                0x08001ae4       0x3c Libraries/STM32F30x_StdPeriph_Driver/src/stm32f30x_rcc.o
                0x08001ae4                RCC_AHBPeriphClockCmd
 .text.RCC_APB2PeriphClockCmd
                0x08001b20       0x3c Libraries/STM32F30x_StdPeriph_Driver/src/stm32f30x_rcc.o
                0x08001b20                RCC_APB2PeriphClockCmd
 .text.RCC_APB1PeriphClockCmd
                0x08001b5c       0x3c Libraries/STM32F30x_StdPeriph_Driver/src/stm32f30x_rcc.o
                0x08001b5c                RCC_APB1PeriphClockCmd
 .text.SYSCFG_EXTILineConfig
                0x08001b98       0x7c Libraries/STM32F30x_StdPeriph_Driver/src/stm32f30x_syscfg.o
                0x08001b98                SYSCFG_EXTILineConfig
 .text.USART_Init
                0x08001c14      0x174 Libraries/STM32F30x_StdPeriph_Driver/src/stm32f30x_usart.o
                0x08001c14                USART_Init
 .text.USART_Cmd
                0x08001d88       0x38 Libraries/STM32F30x_StdPeriph_Driver/src/stm32f30x_usart.o
                0x08001d88                USART_Cmd
 .text.NVIC_Init
                0x08001dc0       0xc0 Libraries/STM32F30x_StdPeriph_Driver/src/stm32f30x_misc.o
                0x08001dc0                NVIC_Init
 .text.GPIO_Init
                0x08001e80      0x128 Libraries/STM32F30x_StdPeriph_Driver/src/stm32f30x_gpio.o
                0x08001e80                GPIO_Init
 .text.GPIO_ReadInputDataBit
                0x08001fa8       0x38 Libraries/STM32F30x_StdPeriph_Driver/src/stm32f30x_gpio.o
                0x08001fa8                GPIO_ReadInputDataBit
 .text.GPIO_PinAFConfig
                0x08001fe0       0x8c Libraries/STM32F30x_StdPeriph_Driver/src/stm32f30x_gpio.o
                0x08001fe0                GPIO_PinAFConfig
 .text.Compass_Config
                0x0800206c       0x64 src/sensors.o
                0x0800206c                Compass_Config
 .text.Compass_ReadAcc
                0x080020d0      0x1d0 src/sensors.o
                0x080020d0                Compass_ReadAcc
 .text.Compass_ReadMag
                0x080022a0      0x1ac src/sensors.o
                0x080022a0                Compass_ReadMag
 .text.LSM303DLHC_TIMEOUT_UserCallback
                0x0800244c       0x10 src/sensors.o
                0x0800244c                LSM303DLHC_TIMEOUT_UserCallback
 .text.Delay    0x0800245c       0x28 src/common.o
                0x0800245c                Delay
 .text.SysTick_Handler
                0x08002484       0x24 src/common.o
                0x08002484                SysTick_Handler
 .text.STM_EVAL_LEDInit
                0x080024a8       0x5c src/stm32f3_discovery.o
                0x080024a8                STM_EVAL_LEDInit
 .text.STM_EVAL_LEDOn
                0x08002504       0x30 src/stm32f3_discovery.o
                0x08002504                STM_EVAL_LEDOn
 .text.STM_EVAL_LEDOff
                0x08002534       0x30 src/stm32f3_discovery.o
                0x08002534                STM_EVAL_LEDOff
 .text.STM_EVAL_LEDToggle
                0x08002564       0x40 src/stm32f3_discovery.o
                0x08002564                STM_EVAL_LEDToggle
 .text.STM_EVAL_PBInit
                0x080025a4       0x94 src/stm32f3_discovery.o
                0x080025a4                STM_EVAL_PBInit
 .text.STM_EVAL_PBGetState
                0x08002638       0x2c src/stm32f3_discovery.o
                0x08002638                STM_EVAL_PBGetState
 .text._close   0x08002664       0x18 src/newlib_stubs.o
                0x08002664                _close
 .text._fstat   0x0800267c       0x20 src/newlib_stubs.o
                0x0800267c                _fstat
 .text._isatty  0x0800269c       0x2c src/newlib_stubs.o
                0x0800269c                _isatty
 .text._lseek   0x080026c8       0x1c src/newlib_stubs.o
                0x080026c8                _lseek
 .text._sbrk    0x080026e4       0x70 src/newlib_stubs.o
                0x080026e4                _sbrk
 .text._read    0x08002754       0x74 src/newlib_stubs.o
                0x08002754                _read
 .text._write   0x080027c8       0x9c src/newlib_stubs.o
                0x080027c8                _write
 .text.LSM303DLHC_AccInit
                0x08002864       0x78 src/stm32f3_discovery_lsm303dlhc.o
                0x08002864                LSM303DLHC_AccInit
 .text.LSM303DLHC_AccFilterConfig
                0x080028dc       0x5c src/stm32f3_discovery_lsm303dlhc.o
                0x080028dc                LSM303DLHC_AccFilterConfig
 .text.LSM303DLHC_MagInit
                0x08002938       0x74 src/stm32f3_discovery_lsm303dlhc.o
                0x08002938                LSM303DLHC_MagInit
 .text.LSM303DLHC_Write
                0x080029ac      0x160 src/stm32f3_discovery_lsm303dlhc.o
                0x080029ac                LSM303DLHC_Write
 .text.LSM303DLHC_Read
                0x08002b0c      0x18c src/stm32f3_discovery_lsm303dlhc.o
                0x08002b0c                LSM303DLHC_Read
 .text.LSM303DLHC_LowLevel_Init
                0x08002c98      0x150 src/stm32f3_discovery_lsm303dlhc.o
 .text.NVIC_SetPriority
                0x08002de8       0x54 src/main.o
 .text.SysTick_Config
                0x08002e3c       0x44 src/main.o
 .text.main     0x08002e80      0xad0 src/main.o
                0x08002e80                main
 .text.EXTI0_IRQHandler
                0x08003950       0x80 src/main.o
                0x08003950                EXTI0_IRQHandler
 .text.SystemInit
                0x080039d0       0x88 src/system_stm32f30x.o
                0x080039d0                SystemInit
 .text.SetSysClock
                0x08003a58      0x114 src/system_stm32f30x.o
 .text.USART2_Init
                0x08003b6c       0xb4 src/usart.o
                0x08003b6c                USART2_Init
 .text.Reset_Handler
                0x08003c20       0x50 src/startup_stm32f30x.o
                0x08003c20                Reset_Handler
 .text.Default_Handler
                0x08003c70        0x4 src/startup_stm32f30x.o
                0x08003c70                RTC_Alarm_IRQHandler
                0x08003c70                TIM8_TRG_COM_IRQHandler
                0x08003c70                TIM8_CC_IRQHandler
                0x08003c70                DebugMon_Handler
                0x08003c70                TIM1_CC_IRQHandler
                0x08003c70                HardFault_Handler
                0x08003c70                USB_HP_IRQHandler
                0x08003c70                PVD_IRQHandler
                0x08003c70                PendSV_Handler
                0x08003c70                NMI_Handler
                0x08003c70                EXTI3_IRQHandler
                0x08003c70                I2C2_EV_IRQHandler
                0x08003c70                FPU_IRQHandler
                0x08003c70                EXTI2_TS_IRQHandler
                0x08003c70                TIM1_UP_TIM16_IRQHandler
                0x08003c70                UsageFault_Handler
                0x08003c70                ADC1_2_IRQHandler
                0x08003c70                SPI1_IRQHandler
                0x08003c70                TIM6_DAC_IRQHandler
                0x08003c70                TIM8_UP_IRQHandler
                0x08003c70                DMA2_Channel2_IRQHandler
                0x08003c70                DMA1_Channel4_IRQHandler
                0x08003c70                USART3_IRQHandler
                0x08003c70                DMA1_Channel7_IRQHandler
                0x08003c70                CAN1_RX1_IRQHandler
                0x08003c70                UART5_IRQHandler
                0x08003c70                ADC3_IRQHandler
                0x08003c70                TIM4_IRQHandler
                0x08003c70                DMA2_Channel1_IRQHandler
                0x08003c70                I2C1_EV_IRQHandler
                0x08003c70                DMA1_Channel6_IRQHandler
                0x08003c70                UART4_IRQHandler
                0x08003c70                DMA2_Channel4_IRQHandler
                0x08003c70                TIM3_IRQHandler
                0x08003c70                RCC_IRQHandler
                0x08003c70                DMA1_Channel1_IRQHandler
                0x08003c70                Default_Handler
                0x08003c70                USBWakeUp_RMP_IRQHandler
                0x08003c70                EXTI15_10_IRQHandler
                0x08003c70                TIM7_IRQHandler
                0x08003c70                EXTI9_5_IRQHandler
                0x08003c70                TAMPER_STAMP_IRQHandler
                0x08003c70                RTC_WKUP_IRQHandler
                0x08003c70                SPI2_IRQHandler
                0x08003c70                MemManage_Handler
                0x08003c70                SVC_Handler
                0x08003c70                DMA2_Channel5_IRQHandler
                0x08003c70                DMA1_Channel5_IRQHandler
                0x08003c70                USB_LP_IRQHandler
                0x08003c70                EXTI4_IRQHandler
                0x08003c70                USB_LP_CAN1_RX0_IRQHandler
                0x08003c70                TIM1_TRG_COM_TIM17_IRQHandler
                0x08003c70                USB_HP_CAN1_TX_IRQHandler
                0x08003c70                DMA1_Channel3_IRQHandler
                0x08003c70                ADC4_IRQHandler
                0x08003c70                WWDG_IRQHandler
                0x08003c70                TIM2_IRQHandler
                0x08003c70                COMP7_IRQHandler
                0x08003c70                COMP1_2_3_IRQHandler
                0x08003c70                EXTI1_IRQHandler
                0x08003c70                USART2_IRQHandler
                0x08003c70                COMP4_5_6_IRQHandler
                0x08003c70                I2C2_ER_IRQHandler
                0x08003c70                DMA1_Channel2_IRQHandler
                0x08003c70                TIM8_BRK_IRQHandler
                0x08003c70                CAN1_SCE_IRQHandler
                0x08003c70                FLASH_IRQHandler
                0x08003c70                BusFault_Handler
                0x08003c70                USART1_IRQHandler
                0x08003c70                SPI3_IRQHandler
                0x08003c70                I2C1_ER_IRQHandler
                0x08003c70                USBWakeUp_IRQHandler
                0x08003c70                DMA2_Channel3_IRQHandler
                0x08003c70                TIM1_BRK_TIM15_IRQHandler
 .text.acos     0x08003c74       0xc4 /usr/bin/../lib/gcc/arm-none-eabi/4.8.3/../../../../arm-none-eabi/lib/armv7e-m/fpu/libm.a(lib_a-w_acos.o)
                0x08003c74                acos
 .text.sqrt     0x08003d38       0xbc /usr/bin/../lib/gcc/arm-none-eabi/4.8.3/../../../../arm-none-eabi/lib/armv7e-m/fpu/libm.a(lib_a-w_sqrt.o)
                0x08003d38                sqrt
 .text.atan2f   0x08003df4        0x4 /usr/bin/../lib/gcc/arm-none-eabi/4.8.3/../../../../arm-none-eabi/lib/armv7e-m/fpu/libm.a(lib_a-wf_atan2.o)
                0x08003df4                atan2f
 .text.__ieee754_acos
                0x08003df8      0x4f0 /usr/bin/../lib/gcc/arm-none-eabi/4.8.3/../../../../arm-none-eabi/lib/armv7e-m/fpu/libm.a(lib_a-e_acos.o)
                0x08003df8                __ieee754_acos
 .text.__ieee754_sqrt
                0x080042e8      0x198 /usr/bin/../lib/gcc/arm-none-eabi/4.8.3/../../../../arm-none-eabi/lib/armv7e-m/fpu/libm.a(lib_a-e_sqrt.o)
                0x080042e8                __ieee754_sqrt
 .text.__ieee754_atan2f
                0x08004480      0x160 /usr/bin/../lib/gcc/arm-none-eabi/4.8.3/../../../../arm-none-eabi/lib/armv7e-m/fpu/libm.a(lib_a-ef_atan2.o)
                0x08004480                __ieee754_atan2f
 .text.fabs     0x080045e0       0x14 /usr/bin/../lib/gcc/arm-none-eabi/4.8.3/../../../../arm-none-eabi/lib/armv7e-m/fpu/libm.a(lib_a-s_fabs.o)
                0x080045e0                fabs
 .text.__fpclassifyd
                0x080045f4       0x54 /usr/bin/../lib/gcc/arm-none-eabi/4.8.3/../../../../arm-none-eabi/lib/armv7e-m/fpu/libm.a(lib_a-s_fpclassify.o)
                0x080045f4                __fpclassifyd
 .text.matherr  0x08004648        0x4 /usr/bin/../lib/gcc/arm-none-eabi/4.8.3/../../../../arm-none-eabi/lib/armv7e-m/fpu/libm.a(lib_a-s_matherr.o)
                0x08004648                matherr
 *fill*         0x0800464c        0x4 
 .text.nan      0x08004650       0x10 /usr/bin/../lib/gcc/arm-none-eabi/4.8.3/../../../../arm-none-eabi/lib/armv7e-m/fpu/libm.a(lib_a-s_nan.o)
                0x08004650                nan
 .text.atanf    0x08004660      0x1b0 /usr/bin/../lib/gcc/arm-none-eabi/4.8.3/../../../../arm-none-eabi/lib/armv7e-m/fpu/libm.a(lib_a-sf_atan.o)
                0x08004660                atanf
 .text.fabsf    0x08004810       0x10 /usr/bin/../lib/gcc/arm-none-eabi/4.8.3/../../../../arm-none-eabi/lib/armv7e-m/fpu/libm.a(lib_a-sf_fabs.o)
                0x08004810                fabsf
 .text.__errno  0x08004820        0xc /usr/bin/../lib/gcc/arm-none-eabi/4.8.3/../../../../arm-none-eabi/lib/armv7e-m/fpu/libc.a(lib_a-errno.o)
                0x08004820                __errno
 .text.__libc_init_array
                0x0800482c       0x50 /usr/bin/../lib/gcc/arm-none-eabi/4.8.3/../../../../arm-none-eabi/lib/armv7e-m/fpu/libc.a(lib_a-init.o)
                0x0800482c                __libc_init_array
 .text.memset   0x0800487c       0x94 /usr/bin/../lib/gcc/arm-none-eabi/4.8.3/../../../../arm-none-eabi/lib/armv7e-m/fpu/libc.a(lib_a-memset.o)
                0x0800487c                memset
 .text.printf   0x08004910       0x28 /usr/bin/../lib/gcc/arm-none-eabi/4.8.3/../../../../arm-none-eabi/lib/armv7e-m/fpu/libc.a(lib_a-printf.o)
                0x08004910                printf
 .text._vfprintf_r
                0x08004938     0x1540 /usr/bin/../lib/gcc/arm-none-eabi/4.8.3/../../../../arm-none-eabi/lib/armv7e-m/fpu/libc.a(lib_a-vfprintf.o)
                0x08004938                _vfprintf_r
 .text.__sbprintf
                0x08005e78       0x78 /usr/bin/../lib/gcc/arm-none-eabi/4.8.3/../../../../arm-none-eabi/lib/armv7e-m/fpu/libc.a(lib_a-vfprintf.o)
 .text.__swsetup_r
                0x08005ef0       0xc4 /usr/bin/../lib/gcc/arm-none-eabi/4.8.3/../../../../arm-none-eabi/lib/armv7e-m/fpu/libc.a(lib_a-wsetup.o)
                0x08005ef0                __swsetup_r
 .text.startup.register_fini
                0x08005fb4       0x14 /usr/bin/../lib/gcc/arm-none-eabi/4.8.3/../../../../arm-none-eabi/lib/armv7e-m/fpu/libc.a(lib_a-__call_atexit.o)
 .text.atexit   0x08005fc8        0xc /usr/bin/../lib/gcc/arm-none-eabi/4.8.3/../../../../arm-none-eabi/lib/armv7e-m/fpu/libc.a(lib_a-atexit.o)
                0x08005fc8                atexit
 .text.quorem   0x08005fd4      0x130 /usr/bin/../lib/gcc/arm-none-eabi/4.8.3/../../../../arm-none-eabi/lib/armv7e-m/fpu/libc.a(lib_a-dtoa.o)
 *fill*         0x08006104        0x4 
 .text._dtoa_r  0x08006108      0xe58 /usr/bin/../lib/gcc/arm-none-eabi/4.8.3/../../../../arm-none-eabi/lib/armv7e-m/fpu/libc.a(lib_a-dtoa.o)
                0x08006108                _dtoa_r
 .text.__sflush_r
                0x08006f60      0x154 /usr/bin/../lib/gcc/arm-none-eabi/4.8.3/../../../../arm-none-eabi/lib/armv7e-m/fpu/libc.a(lib_a-fflush.o)
                0x08006f60                __sflush_r
 .text._fflush_r
                0x080070b4       0x2c /usr/bin/../lib/gcc/arm-none-eabi/4.8.3/../../../../arm-none-eabi/lib/armv7e-m/fpu/libc.a(lib_a-fflush.o)
                0x080070b4                _fflush_r
 .text._cleanup_r
                0x080070e0        0xc /usr/bin/../lib/gcc/arm-none-eabi/4.8.3/../../../../arm-none-eabi/lib/armv7e-m/fpu/libc.a(lib_a-findfp.o)
                0x080070e0                _cleanup_r
 .text.__sinit  0x080070ec       0xf4 /usr/bin/../lib/gcc/arm-none-eabi/4.8.3/../../../../arm-none-eabi/lib/armv7e-m/fpu/libc.a(lib_a-findfp.o)
                0x080070ec                __sinit
 .text.__sfp_lock_acquire
                0x080071e0        0x4 /usr/bin/../lib/gcc/arm-none-eabi/4.8.3/../../../../arm-none-eabi/lib/armv7e-m/fpu/libc.a(lib_a-findfp.o)
                0x080071e0                __sfp_lock_acquire
 .text.__sfp_lock_release
                0x080071e4        0x4 /usr/bin/../lib/gcc/arm-none-eabi/4.8.3/../../../../arm-none-eabi/lib/armv7e-m/fpu/libc.a(lib_a-findfp.o)
                0x080071e4                __sfp_lock_release
 .text.__libc_fini_array
                0x080071e8       0x30 /usr/bin/../lib/gcc/arm-none-eabi/4.8.3/../../../../arm-none-eabi/lib/armv7e-m/fpu/libc.a(lib_a-fini.o)
                0x080071e8                __libc_fini_array
 .text._malloc_trim_r
                0x08007218       0x9c /usr/bin/../lib/gcc/arm-none-eabi/4.8.3/../../../../arm-none-eabi/lib/armv7e-m/fpu/libc.a(lib_a-freer.o)
                0x08007218                _malloc_trim_r
 .text._free_r  0x080072b4      0x19c /usr/bin/../lib/gcc/arm-none-eabi/4.8.3/../../../../arm-none-eabi/lib/armv7e-m/fpu/libc.a(lib_a-freer.o)
                0x080072b4                _free_r
 .text._fwalk   0x08007450       0x4c /usr/bin/../lib/gcc/arm-none-eabi/4.8.3/../../../../arm-none-eabi/lib/armv7e-m/fpu/libc.a(lib_a-fwalk.o)
                0x08007450                _fwalk
 .text.__locale_charset
                0x0800749c        0x8 /usr/bin/../lib/gcc/arm-none-eabi/4.8.3/../../../../arm-none-eabi/lib/armv7e-m/fpu/libc.a(lib_a-locale.o)
                0x0800749c                __locale_charset
 .text.__locale_mb_cur_max
                0x080074a4        0xc /usr/bin/../lib/gcc/arm-none-eabi/4.8.3/../../../../arm-none-eabi/lib/armv7e-m/fpu/libc.a(lib_a-locale.o)
                0x080074a4                __locale_mb_cur_max
 .text._localeconv_r
                0x080074b0        0x8 /usr/bin/../lib/gcc/arm-none-eabi/4.8.3/../../../../arm-none-eabi/lib/armv7e-m/fpu/libc.a(lib_a-locale.o)
                0x080074b0                _localeconv_r
 .text.__smakebuf_r
                0x080074b8       0xe0 /usr/bin/../lib/gcc/arm-none-eabi/4.8.3/../../../../arm-none-eabi/lib/armv7e-m/fpu/libc.a(lib_a-makebuf.o)
                0x080074b8                __smakebuf_r
 .text._malloc_r
                0x08007598      0x538 /usr/bin/../lib/gcc/arm-none-eabi/4.8.3/../../../../arm-none-eabi/lib/armv7e-m/fpu/libc.a(lib_a-mallocr.o)
                0x08007598                _malloc_r
 .text.memchr   0x08007ad0       0x90 /usr/bin/../lib/gcc/arm-none-eabi/4.8.3/../../../../arm-none-eabi/lib/armv7e-m/fpu/libc.a(lib_a-memchr-stub.o)
                0x08007ad0                memchr
 .text.__malloc_lock
                0x08007b60        0x4 /usr/bin/../lib/gcc/arm-none-eabi/4.8.3/../../../../arm-none-eabi/lib/armv7e-m/fpu/libc.a(lib_a-mlock.o)
                0x08007b60                __malloc_lock
 .text.__malloc_unlock
                0x08007b64        0x4 /usr/bin/../lib/gcc/arm-none-eabi/4.8.3/../../../../arm-none-eabi/lib/armv7e-m/fpu/libc.a(lib_a-mlock.o)
                0x08007b64                __malloc_unlock
 .text._Balloc  0x08007b68       0x4c /usr/bin/../lib/gcc/arm-none-eabi/4.8.3/../../../../arm-none-eabi/lib/armv7e-m/fpu/libc.a(lib_a-mprec.o)
                0x08007b68                _Balloc
 .text._Bfree   0x08007bb4       0x14 /usr/bin/../lib/gcc/arm-none-eabi/4.8.3/../../../../arm-none-eabi/lib/armv7e-m/fpu/libc.a(lib_a-mprec.o)
                0x08007bb4                _Bfree
 .text.__multadd
                0x08007bc8       0x98 /usr/bin/../lib/gcc/arm-none-eabi/4.8.3/../../../../arm-none-eabi/lib/armv7e-m/fpu/libc.a(lib_a-mprec.o)
                0x08007bc8                __multadd
 .text.__hi0bits
                0x08007c60       0x40 /usr/bin/../lib/gcc/arm-none-eabi/4.8.3/../../../../arm-none-eabi/lib/armv7e-m/fpu/libc.a(lib_a-mprec.o)
                0x08007c60                __hi0bits
 .text.__lo0bits
                0x08007ca0       0x5c /usr/bin/../lib/gcc/arm-none-eabi/4.8.3/../../../../arm-none-eabi/lib/armv7e-m/fpu/libc.a(lib_a-mprec.o)
                0x08007ca0                __lo0bits
 .text.__i2b    0x08007cfc       0x14 /usr/bin/../lib/gcc/arm-none-eabi/4.8.3/../../../../arm-none-eabi/lib/armv7e-m/fpu/libc.a(lib_a-mprec.o)
                0x08007cfc                __i2b
 .text.__multiply
                0x08007d10      0x13c /usr/bin/../lib/gcc/arm-none-eabi/4.8.3/../../../../arm-none-eabi/lib/armv7e-m/fpu/libc.a(lib_a-mprec.o)
                0x08007d10                __multiply
 .text.__pow5mult
                0x08007e4c       0x9c /usr/bin/../lib/gcc/arm-none-eabi/4.8.3/../../../../arm-none-eabi/lib/armv7e-m/fpu/libc.a(lib_a-mprec.o)
                0x08007e4c                __pow5mult
 .text.__lshift
                0x08007ee8       0xbc /usr/bin/../lib/gcc/arm-none-eabi/4.8.3/../../../../arm-none-eabi/lib/armv7e-m/fpu/libc.a(lib_a-mprec.o)
                0x08007ee8                __lshift
 .text.__mcmp   0x08007fa4       0x48 /usr/bin/../lib/gcc/arm-none-eabi/4.8.3/../../../../arm-none-eabi/lib/armv7e-m/fpu/libc.a(lib_a-mprec.o)
                0x08007fa4                __mcmp
 .text.__mdiff  0x08007fec       0xd4 /usr/bin/../lib/gcc/arm-none-eabi/4.8.3/../../../../arm-none-eabi/lib/armv7e-m/fpu/libc.a(lib_a-mprec.o)
                0x08007fec                __mdiff
 .text.__d2b    0x080080c0       0xb4 /usr/bin/../lib/gcc/arm-none-eabi/4.8.3/../../../../arm-none-eabi/lib/armv7e-m/fpu/libc.a(lib_a-mprec.o)
                0x080080c0                __d2b
 .text._sbrk_r  0x08008174       0x24 /usr/bin/../lib/gcc/arm-none-eabi/4.8.3/../../../../arm-none-eabi/lib/armv7e-m/fpu/libc.a(lib_a-sbrkr.o)
                0x08008174                _sbrk_r
 .text.__sread  0x08008198       0x24 /usr/bin/../lib/gcc/arm-none-eabi/4.8.3/../../../../arm-none-eabi/lib/armv7e-m/fpu/libc.a(lib_a-stdio.o)
                0x08008198                __sread
 .text.__swrite
                0x080081bc       0x38 /usr/bin/../lib/gcc/arm-none-eabi/4.8.3/../../../../arm-none-eabi/lib/armv7e-m/fpu/libc.a(lib_a-stdio.o)
                0x080081bc                __swrite
 .text.__sseek  0x080081f4       0x24 /usr/bin/../lib/gcc/arm-none-eabi/4.8.3/../../../../arm-none-eabi/lib/armv7e-m/fpu/libc.a(lib_a-stdio.o)
                0x080081f4                __sseek
 .text.__sclose
                0x08008218        0x8 /usr/bin/../lib/gcc/arm-none-eabi/4.8.3/../../../../arm-none-eabi/lib/armv7e-m/fpu/libc.a(lib_a-stdio.o)
                0x08008218                __sclose
 .text.strlen   0x08008220       0x60 /usr/bin/../lib/gcc/arm-none-eabi/4.8.3/../../../../arm-none-eabi/lib/armv7e-m/fpu/libc.a(lib_a-strlen.o)
                0x08008220                strlen
 .text.__sprint_r.part.0
                0x08008280       0x78 /usr/bin/../lib/gcc/arm-none-eabi/4.8.3/../../../../arm-none-eabi/lib/armv7e-m/fpu/libc.a(lib_a-vfiprintf.o)
 .text.__sprint_r
                0x080082f8       0x18 /usr/bin/../lib/gcc/arm-none-eabi/4.8.3/../../../../arm-none-eabi/lib/armv7e-m/fpu/libc.a(lib_a-vfiprintf.o)
                0x080082f8                __sprint_r
 .text._write_r
                0x08008310       0x28 /usr/bin/../lib/gcc/arm-none-eabi/4.8.3/../../../../arm-none-eabi/lib/armv7e-m/fpu/libc.a(lib_a-writer.o)
                0x08008310                _write_r
 .text.__register_exitproc
                0x08008338       0xa8 /usr/bin/../lib/gcc/arm-none-eabi/4.8.3/../../../../arm-none-eabi/lib/armv7e-m/fpu/libc.a(lib_a-__atexit.o)
                0x08008338                __register_exitproc
 .text._calloc_r
                0x080083e0       0x60 /usr/bin/../lib/gcc/arm-none-eabi/4.8.3/../../../../arm-none-eabi/lib/armv7e-m/fpu/libc.a(lib_a-callocr.o)
                0x080083e0                _calloc_r
 .text._close_r
                0x08008440       0x24 /usr/bin/../lib/gcc/arm-none-eabi/4.8.3/../../../../arm-none-eabi/lib/armv7e-m/fpu/libc.a(lib_a-closer.o)
                0x08008440                _close_r
 .text._fclose_r
                0x08008464       0x80 /usr/bin/../lib/gcc/arm-none-eabi/4.8.3/../../../../arm-none-eabi/lib/armv7e-m/fpu/libc.a(lib_a-fclose.o)
                0x08008464                _fclose_r
 .text.fclose   0x080084e4       0x10 /usr/bin/../lib/gcc/arm-none-eabi/4.8.3/../../../../arm-none-eabi/lib/armv7e-m/fpu/libc.a(lib_a-fclose.o)
                0x080084e4                fclose
 .text._fputwc_r
                0x080084f4       0xbc /usr/bin/../lib/gcc/arm-none-eabi/4.8.3/../../../../arm-none-eabi/lib/armv7e-m/fpu/libc.a(lib_a-fputwc.o)
                0x080084f4                _fputwc_r
 .text._fstat_r
                0x080085b0       0x28 /usr/bin/../lib/gcc/arm-none-eabi/4.8.3/../../../../arm-none-eabi/lib/armv7e-m/fpu/libc.a(lib_a-fstatr.o)
                0x080085b0                _fstat_r
 .text.__sfvwrite_r
                0x080085d8      0x314 /usr/bin/../lib/gcc/arm-none-eabi/4.8.3/../../../../arm-none-eabi/lib/armv7e-m/fpu/libc.a(lib_a-fvwrite.o)
                0x080085d8                __sfvwrite_r
 .text._isatty_r
                0x080088ec       0x24 /usr/bin/../lib/gcc/arm-none-eabi/4.8.3/../../../../arm-none-eabi/lib/armv7e-m/fpu/libc.a(lib_a-isattyr.o)
                0x080088ec                _isatty_r
 .text._lseek_r
                0x08008910       0x28 /usr/bin/../lib/gcc/arm-none-eabi/4.8.3/../../../../arm-none-eabi/lib/armv7e-m/fpu/libc.a(lib_a-lseekr.o)
                0x08008910                _lseek_r
 .text.memmove  0x08008938       0xc0 /usr/bin/../lib/gcc/arm-none-eabi/4.8.3/../../../../arm-none-eabi/lib/armv7e-m/fpu/libc.a(lib_a-memmove.o)
                0x08008938                memmove
 .text._read_r  0x080089f8       0x28 /usr/bin/../lib/gcc/arm-none-eabi/4.8.3/../../../../arm-none-eabi/lib/armv7e-m/fpu/libc.a(lib_a-readr.o)
                0x080089f8                _read_r
 .text._realloc_r
                0x08008a20      0x3cc /usr/bin/../lib/gcc/arm-none-eabi/4.8.3/../../../../arm-none-eabi/lib/armv7e-m/fpu/libc.a(lib_a-reallocr.o)
                0x08008a20                _realloc_r
 .text.__swbuf_r
                0x08008dec       0xa8 /usr/bin/../lib/gcc/arm-none-eabi/4.8.3/../../../../arm-none-eabi/lib/armv7e-m/fpu/libc.a(lib_a-wbuf.o)
                0x08008dec                __swbuf_r
 .text._wcrtomb_r
                0x08008e94       0x50 /usr/bin/../lib/gcc/arm-none-eabi/4.8.3/../../../../arm-none-eabi/lib/armv7e-m/fpu/libc.a(lib_a-wcrtomb.o)
                0x08008e94                _wcrtomb_r
 .text.__ascii_wctomb
                0x08008ee4       0x1c /usr/bin/../lib/gcc/arm-none-eabi/4.8.3/../../../../arm-none-eabi/lib/armv7e-m/fpu/libc.a(lib_a-wctomb_r.o)
                0x08008ee4                __ascii_wctomb
 *(.rodata)
 .rodata        0x08008f00       0x24 src/newlib_stubs.o
 .rodata        0x08008f24       0x40 src/main.o
 *(.rodata*)
 .rodata.GPIO_PIN
                0x08008f64       0x10 src/stm32f3_discovery.o
                0x08008f64                GPIO_PIN
 .rodata.GPIO_CLK
                0x08008f74       0x20 src/stm32f3_discovery.o
                0x08008f74                GPIO_CLK
 .rodata.str1.4
                0x08008f94        0x5 /usr/bin/../lib/gcc/arm-none-eabi/4.8.3/../../../../arm-none-eabi/lib/armv7e-m/fpu/libm.a(lib_a-w_acos.o)
                                  0xc (size before relaxing)
 *fill*         0x08008f99        0x3 
 .rodata.str1.4
                0x08008f9c        0x5 /usr/bin/../lib/gcc/arm-none-eabi/4.8.3/../../../../arm-none-eabi/lib/armv7e-m/fpu/libm.a(lib_a-w_sqrt.o)
                                  0x8 (size before relaxing)
 *fill*         0x08008fa1        0x3 
 .rodata.atanlo
                0x08008fa4       0x10 /usr/bin/../lib/gcc/arm-none-eabi/4.8.3/../../../../arm-none-eabi/lib/armv7e-m/fpu/libm.a(lib_a-sf_atan.o)
 .rodata.atanhi
                0x08008fb4       0x10 /usr/bin/../lib/gcc/arm-none-eabi/4.8.3/../../../../arm-none-eabi/lib/armv7e-m/fpu/libm.a(lib_a-sf_atan.o)
 .rodata.str1.4
                0x08008fc4        0x2 /usr/bin/../lib/gcc/arm-none-eabi/4.8.3/../../../../arm-none-eabi/lib/armv7e-m/fpu/libc.a(lib_a-impure.o)
                                  0x4 (size before relaxing)
 *fill*         0x08008fc6        0x2 
 .rodata._global_impure_ptr
                0x08008fc8        0x4 /usr/bin/../lib/gcc/arm-none-eabi/4.8.3/../../../../arm-none-eabi/lib/armv7e-m/fpu/libc.a(lib_a-impure.o)
                0x08008fc8                _global_impure_ptr
 .rodata.zeroes.6759
                0x08008fcc       0x10 /usr/bin/../lib/gcc/arm-none-eabi/4.8.3/../../../../arm-none-eabi/lib/armv7e-m/fpu/libc.a(lib_a-vfprintf.o)
 .rodata.str1.4
                0x08008fdc       0x42 /usr/bin/../lib/gcc/arm-none-eabi/4.8.3/../../../../arm-none-eabi/lib/armv7e-m/fpu/libc.a(lib_a-vfprintf.o)
                                 0x44 (size before relaxing)
 *fill*         0x0800901e        0x2 
 .rodata.blanks.6758
                0x08009020       0x10 /usr/bin/../lib/gcc/arm-none-eabi/4.8.3/../../../../arm-none-eabi/lib/armv7e-m/fpu/libc.a(lib_a-vfprintf.o)
 .rodata.str1.4
                0x08009030       0x10 /usr/bin/../lib/gcc/arm-none-eabi/4.8.3/../../../../arm-none-eabi/lib/armv7e-m/fpu/libc.a(lib_a-dtoa.o)
                                 0x14 (size before relaxing)
 .rodata.str1.4
                0x08009040        0xc /usr/bin/../lib/gcc/arm-none-eabi/4.8.3/../../../../arm-none-eabi/lib/armv7e-m/fpu/libc.a(lib_a-locale.o)
                                 0x14 (size before relaxing)
 .rodata.p05.5288
                0x0800904c        0xc /usr/bin/../lib/gcc/arm-none-eabi/4.8.3/../../../../arm-none-eabi/lib/armv7e-m/fpu/libc.a(lib_a-mprec.o)
 .rodata.__mprec_tens
                0x08009058       0xc8 /usr/bin/../lib/gcc/arm-none-eabi/4.8.3/../../../../arm-none-eabi/lib/armv7e-m/fpu/libc.a(lib_a-mprec.o)
                0x08009058                __mprec_tens
 .rodata.__mprec_bigtens
                0x08009120       0x28 /usr/bin/../lib/gcc/arm-none-eabi/4.8.3/../../../../arm-none-eabi/lib/armv7e-m/fpu/libc.a(lib_a-mprec.o)
                0x08009120                __mprec_bigtens
 *(.glue_7)
 .glue_7        0x00000000        0x0 linker stubs
 *(.glue_7t)
 .glue_7t       0x00000000        0x0 linker stubs
 *(.eh_frame)
 .eh_frame      0x08009148        0x0 /usr/bin/../lib/gcc/arm-none-eabi/4.8.3/armv7e-m/fpu/crtbegin.o
 *(.init)
 .init          0x08009148        0x4 /usr/bin/../lib/gcc/arm-none-eabi/4.8.3/armv7e-m/fpu/crti.o
                0x08009148                _init
 .init          0x0800914c        0x8 /usr/bin/../lib/gcc/arm-none-eabi/4.8.3/armv7e-m/fpu/crtn.o
 *(.fini)
 .fini          0x08009154        0x4 /usr/bin/../lib/gcc/arm-none-eabi/4.8.3/armv7e-m/fpu/crti.o
                0x08009154                _fini
 .fini          0x08009158        0x8 /usr/bin/../lib/gcc/arm-none-eabi/4.8.3/armv7e-m/fpu/crtn.o
                0x08009160                . = ALIGN (0x4)
                0x08009160                _etext = .

.vfp11_veneer   0x08009160        0x0
 .vfp11_veneer  0x00000000        0x0 linker stubs

.v4_bx          0x08009160        0x0
 .v4_bx         0x00000000        0x0 linker stubs

.iplt           0x08009160        0x0
 .iplt          0x00000000        0x0 /usr/bin/../lib/gcc/arm-none-eabi/4.8.3/armv7e-m/fpu/crtbegin.o

.ARM.extab
 *(.ARM.extab* .gnu.linkonce.armextab.*)

.ARM            0x08009160        0x8
                0x08009160                __exidx_start = .
 *(.ARM.exidx*)
 .ARM.exidx     0x08009160        0x8 /usr/bin/../lib/gcc/arm-none-eabi/4.8.3/armv7e-m/fpu/libgcc.a(_divdi3.o)
 .ARM.exidx     0x08009168        0x0 /usr/bin/../lib/gcc/arm-none-eabi/4.8.3/armv7e-m/fpu/libgcc.a(_udivdi3.o)
                                  0x8 (size before relaxing)
                0x08009168                __exidx_end = .

.rel.dyn        0x08009168        0x0
 .rel.iplt      0x00000000        0x0 /usr/bin/../lib/gcc/arm-none-eabi/4.8.3/armv7e-m/fpu/crtbegin.o

.preinit_array  0x08009168        0x0
                0x08009168                PROVIDE (__preinit_array_start, .)
 *(.preinit_array*)
                0x08009168                PROVIDE (__preinit_array_end, .)

.init_array     0x08009168        0x8
                0x08009168                PROVIDE (__init_array_start, .)
 *(SORT(.init_array.*))
 .init_array.00000
                0x08009168        0x4 /usr/bin/../lib/gcc/arm-none-eabi/4.8.3/../../../../arm-none-eabi/lib/armv7e-m/fpu/libc.a(lib_a-__call_atexit.o)
 *(.init_array*)
 .init_array    0x0800916c        0x4 /usr/bin/../lib/gcc/arm-none-eabi/4.8.3/armv7e-m/fpu/crtbegin.o
                0x08009170                PROVIDE (__init_array_end, .)

.fini_array     0x08009170        0x4
                0x08009170                PROVIDE (__fini_array_start, .)
 *(SORT(.fini_array.*))
 *(.fini_array*)
 .fini_array    0x08009170        0x4 /usr/bin/../lib/gcc/arm-none-eabi/4.8.3/armv7e-m/fpu/crtbegin.o
                0x08009174                PROVIDE (__fini_array_end, .)
                0x08009174                _sidata = LOADADDR (.data)

.data           0x20000000      0x8f4 load address 0x08009174
                0x20000000                . = ALIGN (0x4)
                0x20000000                _sdata = .
 *(.data)
 *(.data*)
 .data.APBAHBPrescTable
                0x20000000       0x10 Libraries/STM32F30x_StdPeriph_Driver/src/stm32f30x_rcc.o
 .data.ADCPrescTable
                0x20000010       0x1c Libraries/STM32F30x_StdPeriph_Driver/src/stm32f30x_rcc.o
 .data.GPIO_PORT
                0x2000002c       0x20 src/stm32f3_discovery.o
                0x2000002c                GPIO_PORT
 .data.BUTTON_PORT
                0x2000004c        0x4 src/stm32f3_discovery.o
                0x2000004c                BUTTON_PORT
 .data.LSM303DLHC_Timeout
                0x20000050        0x4 src/stm32f3_discovery_lsm303dlhc.o
                0x20000050                LSM303DLHC_Timeout
 .data.__fdlib_version
                0x20000054        0x1 /usr/bin/../lib/gcc/arm-none-eabi/4.8.3/../../../../arm-none-eabi/lib/armv7e-m/fpu/libm.a(lib_a-s_lib_ver.o)
                0x20000054                __fdlib_version
 *fill*         0x20000055        0x3 
 .data.impure_data
                0x20000058      0x428 /usr/bin/../lib/gcc/arm-none-eabi/4.8.3/../../../../arm-none-eabi/lib/armv7e-m/fpu/libc.a(lib_a-impure.o)
 .data._impure_ptr
                0x20000480        0x4 /usr/bin/../lib/gcc/arm-none-eabi/4.8.3/../../../../arm-none-eabi/lib/armv7e-m/fpu/libc.a(lib_a-impure.o)
                0x20000480                _impure_ptr
 .data.lconv    0x20000484       0x38 /usr/bin/../lib/gcc/arm-none-eabi/4.8.3/../../../../arm-none-eabi/lib/armv7e-m/fpu/libc.a(lib_a-locale.o)
 .data.lc_ctype_charset
                0x200004bc       0x20 /usr/bin/../lib/gcc/arm-none-eabi/4.8.3/../../../../arm-none-eabi/lib/armv7e-m/fpu/libc.a(lib_a-locale.o)
 .data.__mb_cur_max
                0x200004dc        0x4 /usr/bin/../lib/gcc/arm-none-eabi/4.8.3/../../../../arm-none-eabi/lib/armv7e-m/fpu/libc.a(lib_a-locale.o)
                0x200004dc                __mb_cur_max
 .data.__malloc_av_
                0x200004e0      0x408 /usr/bin/../lib/gcc/arm-none-eabi/4.8.3/../../../../arm-none-eabi/lib/armv7e-m/fpu/libc.a(lib_a-mallocr.o)
                0x200004e0                __malloc_av_
 .data.__malloc_trim_threshold
                0x200008e8        0x4 /usr/bin/../lib/gcc/arm-none-eabi/4.8.3/../../../../arm-none-eabi/lib/armv7e-m/fpu/libc.a(lib_a-mallocr.o)
                0x200008e8                __malloc_trim_threshold
 .data.__malloc_sbrk_base
                0x200008ec        0x4 /usr/bin/../lib/gcc/arm-none-eabi/4.8.3/../../../../arm-none-eabi/lib/armv7e-m/fpu/libc.a(lib_a-mallocr.o)
                0x200008ec                __malloc_sbrk_base
 .data.__wctomb
                0x200008f0        0x4 /usr/bin/../lib/gcc/arm-none-eabi/4.8.3/../../../../arm-none-eabi/lib/armv7e-m/fpu/libc.a(lib_a-wctomb_r.o)
                0x200008f0                __wctomb
                0x200008f4                . = ALIGN (0x4)
                0x200008f4                _edata = .
                0x08009a68                _siccmram = LOADADDR (.ccmram)

.jcr            0x200008f4        0x0 load address 0x08009a68
 .jcr           0x200008f4        0x0 /usr/bin/../lib/gcc/arm-none-eabi/4.8.3/armv7e-m/fpu/crtbegin.o

.igot.plt       0x200008f4        0x0 load address 0x08009a68
 .igot.plt      0x00000000        0x0 /usr/bin/../lib/gcc/arm-none-eabi/4.8.3/armv7e-m/fpu/crtbegin.o

.ccmram         0x10000000        0x0 load address 0x08009a68
                0x10000000                . = ALIGN (0x4)
                0x10000000                _sccmram = .
 *(.ccmram)
 *(.ccmram*)
                0x10000000                . = ALIGN (0x4)
                0x10000000                _eccmram = .
                0x10000000                . = ALIGN (0x4)

.bss            0x200008f4      0x10c
                0x200008f4                _sbss = .
                0x200008f4                __bss_start__ = _sbss
 *(.bss)
 .bss           0x200008f4       0x1c /usr/bin/../lib/gcc/arm-none-eabi/4.8.3/armv7e-m/fpu/crtbegin.o
 *(.bss*)
 .bss.buffer.7246
                0x20000910        0x8 src/sensors.o
 .bss.TimingDelay
                0x20000918        0x4 src/common.o
                0x20000918                TimingDelay
 .bss.heap_end.7643
                0x2000091c        0x4 src/newlib_stubs.o
 .bss.UserButtonPressed
                0x20000920        0x4 src/main.o
                0x20000920                UserButtonPressed
 .bss.HeadingValue
                0x20000924        0x4 src/main.o
                0x20000924                HeadingValue
 .bss.MagBuffer
                0x20000928        0xc src/main.o
                0x20000928                MagBuffer
 .bss.AccBuffer
                0x20000934        0xc src/main.o
                0x20000934                AccBuffer
 .bss.fCosPitch
                0x20000940        0x4 src/main.o
                0x20000940                fCosPitch
 .bss.RollAng   0x20000944        0x4 src/main.o
                0x20000944                RollAng
 .bss.PitchAng  0x20000948        0x4 src/main.o
                0x20000948                PitchAng
 .bss.fTiltedY  0x2000094c        0x4 src/main.o
                0x2000094c                fTiltedY
 .bss.i         0x20000950        0x1 src/main.o
                0x20000950                i
 *fill*         0x20000951        0x3 
 .bss.USART_InitStructure
                0x20000954       0x18 src/usart.o
 .bss.GPIO_InitStructure
                0x2000096c        0x8 src/usart.o
 .bss.__malloc_max_total_mem
                0x20000974        0x4 /usr/bin/../lib/gcc/arm-none-eabi/4.8.3/../../../../arm-none-eabi/lib/armv7e-m/fpu/libc.a(lib_a-mallocr.o)
                0x20000974                __malloc_max_total_mem
 .bss.__malloc_max_sbrked_mem
                0x20000978        0x4 /usr/bin/../lib/gcc/arm-none-eabi/4.8.3/../../../../arm-none-eabi/lib/armv7e-m/fpu/libc.a(lib_a-mallocr.o)
                0x20000978                __malloc_max_sbrked_mem
 .bss.__malloc_top_pad
                0x2000097c        0x4 /usr/bin/../lib/gcc/arm-none-eabi/4.8.3/../../../../arm-none-eabi/lib/armv7e-m/fpu/libc.a(lib_a-mallocr.o)
                0x2000097c                __malloc_top_pad
 .bss.__malloc_current_mallinfo
                0x20000980       0x28 /usr/bin/../lib/gcc/arm-none-eabi/4.8.3/../../../../arm-none-eabi/lib/armv7e-m/fpu/libc.a(lib_a-mallocr.o)
                0x20000980                __malloc_current_mallinfo
 *(COMMON)
 COMMON         0x200009a8       0x54 src/main.o
                0x200009a8                Xval
                0x200009ac                fCosRoll
                0x200009b0                fTiltedX
                0x200009b4                fSinRoll
                0x200009b8                fSinPitch
                0x200009bc                fNormAcc
                0x200009c0                RCC_Clocks
 COMMON         0x200009fc        0x4 /usr/bin/../lib/gcc/arm-none-eabi/4.8.3/../../../../arm-none-eabi/lib/armv7e-m/fpu/libc.a(lib_a-reent.o)
                0x200009fc                errno
                0x20000a00                . = ALIGN (0x4)
                0x20000a00                _ebss = .
                0x20000a00                __bss_end__ = _ebss

._user_heap_stack
                0x20000a00      0x200
                0x20000a00                . = ALIGN (0x4)
                0x20000a00                PROVIDE (end, .)
                0x20000a00                PROVIDE (_end, .)
                0x20000a00                . = (. + _Min_Heap_Size)
                0x20000c00                . = (. + _Min_Stack_Size)
 *fill*         0x20000a00      0x200 
                0x20000c00                . = ALIGN (0x4)

.memory_b1_text
 *(.mb1text)
 *(.mb1text*)
 *(.mb1rodata)
 *(.mb1rodata*)

/DISCARD/
 libc.a(*)
 libm.a(*)
 libgcc.a(*)

.ARM.attributes
                0x00000000       0x30
 *(.ARM.attributes)
 .ARM.attributes
                0x00000000       0x22 /usr/bin/../lib/gcc/arm-none-eabi/4.8.3/armv7e-m/fpu/crti.o
 .ARM.attributes
                0x00000022       0x34 /usr/bin/../lib/gcc/arm-none-eabi/4.8.3/armv7e-m/fpu/crtbegin.o
 .ARM.attributes
                0x00000056       0x39 Libraries/STM32F30x_StdPeriph_Driver/src/stm32f30x_exti.o
 .ARM.attributes
                0x0000008f       0x39 Libraries/STM32F30x_StdPeriph_Driver/src/stm32f30x_i2c.o
 .ARM.attributes
                0x000000c8       0x39 Libraries/STM32F30x_StdPeriph_Driver/src/stm32f30x_rcc.o
 .ARM.attributes
                0x00000101       0x39 Libraries/STM32F30x_StdPeriph_Driver/src/stm32f30x_syscfg.o
 .ARM.attributes
                0x0000013a       0x39 Libraries/STM32F30x_StdPeriph_Driver/src/stm32f30x_usart.o
 .ARM.attributes
                0x00000173       0x39 Libraries/STM32F30x_StdPeriph_Driver/src/stm32f30x_misc.o
 .ARM.attributes
                0x000001ac       0x39 Libraries/STM32F30x_StdPeriph_Driver/src/stm32f30x_gpio.o
 .ARM.attributes
                0x000001e5       0x39 src/sensors.o
 .ARM.attributes
                0x0000021e       0x39 src/common.o
 .ARM.attributes
                0x00000257       0x39 src/stm32f3_discovery.o
 .ARM.attributes
                0x00000290       0x39 src/newlib_stubs.o
 .ARM.attributes
                0x000002c9       0x39 src/stm32f3_discovery_lsm303dlhc.o
 .ARM.attributes
                0x00000302       0x39 src/main.o
 .ARM.attributes
                0x0000033b       0x39 src/system_stm32f30x.o
 .ARM.attributes
                0x00000374       0x39 src/usart.o
 .ARM.attributes
                0x000003ad       0x21 src/startup_stm32f30x.o
 .ARM.attributes
                0x000003ce       0x34 /usr/bin/../lib/gcc/arm-none-eabi/4.8.3/../../../../arm-none-eabi/lib/armv7e-m/fpu/libm.a(lib_a-w_acos.o)
 .ARM.attributes
                0x00000402       0x34 /usr/bin/../lib/gcc/arm-none-eabi/4.8.3/../../../../arm-none-eabi/lib/armv7e-m/fpu/libm.a(lib_a-w_sqrt.o)
 .ARM.attributes
                0x00000436       0x34 /usr/bin/../lib/gcc/arm-none-eabi/4.8.3/../../../../arm-none-eabi/lib/armv7e-m/fpu/libm.a(lib_a-wf_atan2.o)
 .ARM.attributes
                0x0000046a       0x34 /usr/bin/../lib/gcc/arm-none-eabi/4.8.3/../../../../arm-none-eabi/lib/armv7e-m/fpu/libm.a(lib_a-e_acos.o)
 .ARM.attributes
                0x0000049e       0x34 /usr/bin/../lib/gcc/arm-none-eabi/4.8.3/../../../../arm-none-eabi/lib/armv7e-m/fpu/libm.a(lib_a-e_sqrt.o)
 .ARM.attributes
                0x000004d2       0x34 /usr/bin/../lib/gcc/arm-none-eabi/4.8.3/../../../../arm-none-eabi/lib/armv7e-m/fpu/libm.a(lib_a-ef_atan2.o)
 .ARM.attributes
                0x00000506       0x34 /usr/bin/../lib/gcc/arm-none-eabi/4.8.3/../../../../arm-none-eabi/lib/armv7e-m/fpu/libm.a(lib_a-s_fabs.o)
 .ARM.attributes
                0x0000053a       0x34 /usr/bin/../lib/gcc/arm-none-eabi/4.8.3/../../../../arm-none-eabi/lib/armv7e-m/fpu/libm.a(lib_a-s_fpclassify.o)
 .ARM.attributes
                0x0000056e       0x34 /usr/bin/../lib/gcc/arm-none-eabi/4.8.3/../../../../arm-none-eabi/lib/armv7e-m/fpu/libm.a(lib_a-s_lib_ver.o)
 .ARM.attributes
                0x000005a2       0x34 /usr/bin/../lib/gcc/arm-none-eabi/4.8.3/../../../../arm-none-eabi/lib/armv7e-m/fpu/libm.a(lib_a-s_matherr.o)
 .ARM.attributes
                0x000005d6       0x34 /usr/bin/../lib/gcc/arm-none-eabi/4.8.3/../../../../arm-none-eabi/lib/armv7e-m/fpu/libm.a(lib_a-s_nan.o)
 .ARM.attributes
                0x0000060a       0x34 /usr/bin/../lib/gcc/arm-none-eabi/4.8.3/../../../../arm-none-eabi/lib/armv7e-m/fpu/libm.a(lib_a-sf_atan.o)
 .ARM.attributes
                0x0000063e       0x34 /usr/bin/../lib/gcc/arm-none-eabi/4.8.3/../../../../arm-none-eabi/lib/armv7e-m/fpu/libm.a(lib_a-sf_fabs.o)
 .ARM.attributes
                0x00000672       0x34 /usr/bin/../lib/gcc/arm-none-eabi/4.8.3/../../../../arm-none-eabi/lib/armv7e-m/fpu/libc.a(lib_a-errno.o)
 .ARM.attributes
                0x000006a6       0x34 /usr/bin/../lib/gcc/arm-none-eabi/4.8.3/../../../../arm-none-eabi/lib/armv7e-m/fpu/libc.a(lib_a-impure.o)
 .ARM.attributes
                0x000006da       0x34 /usr/bin/../lib/gcc/arm-none-eabi/4.8.3/../../../../arm-none-eabi/lib/armv7e-m/fpu/libc.a(lib_a-init.o)
 .ARM.attributes
                0x0000070e       0x34 /usr/bin/../lib/gcc/arm-none-eabi/4.8.3/../../../../arm-none-eabi/lib/armv7e-m/fpu/libc.a(lib_a-memset.o)
 .ARM.attributes
                0x00000742       0x34 /usr/bin/../lib/gcc/arm-none-eabi/4.8.3/../../../../arm-none-eabi/lib/armv7e-m/fpu/libc.a(lib_a-printf.o)
 .ARM.attributes
                0x00000776       0x34 /usr/bin/../lib/gcc/arm-none-eabi/4.8.3/../../../../arm-none-eabi/lib/armv7e-m/fpu/libc.a(lib_a-reent.o)
 .ARM.attributes
                0x000007aa       0x34 /usr/bin/../lib/gcc/arm-none-eabi/4.8.3/../../../../arm-none-eabi/lib/armv7e-m/fpu/libc.a(lib_a-vfprintf.o)
 .ARM.attributes
                0x000007de       0x34 /usr/bin/../lib/gcc/arm-none-eabi/4.8.3/../../../../arm-none-eabi/lib/armv7e-m/fpu/libc.a(lib_a-wsetup.o)
 .ARM.attributes
                0x00000812       0x34 /usr/bin/../lib/gcc/arm-none-eabi/4.8.3/../../../../arm-none-eabi/lib/armv7e-m/fpu/libc.a(lib_a-__call_atexit.o)
 .ARM.attributes
                0x00000846       0x34 /usr/bin/../lib/gcc/arm-none-eabi/4.8.3/../../../../arm-none-eabi/lib/armv7e-m/fpu/libc.a(lib_a-atexit.o)
 .ARM.attributes
                0x0000087a       0x34 /usr/bin/../lib/gcc/arm-none-eabi/4.8.3/../../../../arm-none-eabi/lib/armv7e-m/fpu/libc.a(lib_a-dtoa.o)
 .ARM.attributes
                0x000008ae       0x34 /usr/bin/../lib/gcc/arm-none-eabi/4.8.3/../../../../arm-none-eabi/lib/armv7e-m/fpu/libc.a(lib_a-fflush.o)
 .ARM.attributes
                0x000008e2       0x34 /usr/bin/../lib/gcc/arm-none-eabi/4.8.3/../../../../arm-none-eabi/lib/armv7e-m/fpu/libc.a(lib_a-findfp.o)
 .ARM.attributes
                0x00000916       0x34 /usr/bin/../lib/gcc/arm-none-eabi/4.8.3/../../../../arm-none-eabi/lib/armv7e-m/fpu/libc.a(lib_a-fini.o)
 .ARM.attributes
                0x0000094a       0x34 /usr/bin/../lib/gcc/arm-none-eabi/4.8.3/../../../../arm-none-eabi/lib/armv7e-m/fpu/libc.a(lib_a-freer.o)
 .ARM.attributes
                0x0000097e       0x34 /usr/bin/../lib/gcc/arm-none-eabi/4.8.3/../../../../arm-none-eabi/lib/armv7e-m/fpu/libc.a(lib_a-fwalk.o)
 .ARM.attributes
                0x000009b2       0x34 /usr/bin/../lib/gcc/arm-none-eabi/4.8.3/../../../../arm-none-eabi/lib/armv7e-m/fpu/libc.a(lib_a-locale.o)
 .ARM.attributes
                0x000009e6       0x34 /usr/bin/../lib/gcc/arm-none-eabi/4.8.3/../../../../arm-none-eabi/lib/armv7e-m/fpu/libc.a(lib_a-makebuf.o)
 .ARM.attributes
                0x00000a1a       0x34 /usr/bin/../lib/gcc/arm-none-eabi/4.8.3/../../../../arm-none-eabi/lib/armv7e-m/fpu/libc.a(lib_a-mallocr.o)
 .ARM.attributes
                0x00000a4e       0x34 /usr/bin/../lib/gcc/arm-none-eabi/4.8.3/../../../../arm-none-eabi/lib/armv7e-m/fpu/libc.a(lib_a-memchr-stub.o)
 .ARM.attributes
                0x00000a82       0x20 /usr/bin/../lib/gcc/arm-none-eabi/4.8.3/../../../../arm-none-eabi/lib/armv7e-m/fpu/libc.a(lib_a-memcpy.o)
 .ARM.attributes
                0x00000aa2       0x34 /usr/bin/../lib/gcc/arm-none-eabi/4.8.3/../../../../arm-none-eabi/lib/armv7e-m/fpu/libc.a(lib_a-mlock.o)
 .ARM.attributes
                0x00000ad6       0x34 /usr/bin/../lib/gcc/arm-none-eabi/4.8.3/../../../../arm-none-eabi/lib/armv7e-m/fpu/libc.a(lib_a-mprec.o)
 .ARM.attributes
                0x00000b0a       0x34 /usr/bin/../lib/gcc/arm-none-eabi/4.8.3/../../../../arm-none-eabi/lib/armv7e-m/fpu/libc.a(lib_a-sbrkr.o)
 .ARM.attributes
                0x00000b3e       0x34 /usr/bin/../lib/gcc/arm-none-eabi/4.8.3/../../../../arm-none-eabi/lib/armv7e-m/fpu/libc.a(lib_a-stdio.o)
 .ARM.attributes
                0x00000b72       0x34 /usr/bin/../lib/gcc/arm-none-eabi/4.8.3/../../../../arm-none-eabi/lib/armv7e-m/fpu/libc.a(lib_a-strlen.o)
 .ARM.attributes
                0x00000ba6       0x34 /usr/bin/../lib/gcc/arm-none-eabi/4.8.3/../../../../arm-none-eabi/lib/armv7e-m/fpu/libc.a(lib_a-vfiprintf.o)
 .ARM.attributes
                0x00000bda       0x34 /usr/bin/../lib/gcc/arm-none-eabi/4.8.3/../../../../arm-none-eabi/lib/armv7e-m/fpu/libc.a(lib_a-writer.o)
 .ARM.attributes
                0x00000c0e       0x34 /usr/bin/../lib/gcc/arm-none-eabi/4.8.3/../../../../arm-none-eabi/lib/armv7e-m/fpu/libc.a(lib_a-__atexit.o)
 .ARM.attributes
                0x00000c42       0x34 /usr/bin/../lib/gcc/arm-none-eabi/4.8.3/../../../../arm-none-eabi/lib/armv7e-m/fpu/libc.a(lib_a-callocr.o)
 .ARM.attributes
                0x00000c76       0x34 /usr/bin/../lib/gcc/arm-none-eabi/4.8.3/../../../../arm-none-eabi/lib/armv7e-m/fpu/libc.a(lib_a-closer.o)
 .ARM.attributes
                0x00000caa       0x34 /usr/bin/../lib/gcc/arm-none-eabi/4.8.3/../../../../arm-none-eabi/lib/armv7e-m/fpu/libc.a(lib_a-fclose.o)
 .ARM.attributes
                0x00000cde       0x34 /usr/bin/../lib/gcc/arm-none-eabi/4.8.3/../../../../arm-none-eabi/lib/armv7e-m/fpu/libc.a(lib_a-fputwc.o)
 .ARM.attributes
                0x00000d12       0x34 /usr/bin/../lib/gcc/arm-none-eabi/4.8.3/../../../../arm-none-eabi/lib/armv7e-m/fpu/libc.a(lib_a-fstatr.o)
 .ARM.attributes
                0x00000d46       0x34 /usr/bin/../lib/gcc/arm-none-eabi/4.8.3/../../../../arm-none-eabi/lib/armv7e-m/fpu/libc.a(lib_a-fvwrite.o)
 .ARM.attributes
                0x00000d7a       0x34 /usr/bin/../lib/gcc/arm-none-eabi/4.8.3/../../../../arm-none-eabi/lib/armv7e-m/fpu/libc.a(lib_a-isattyr.o)
 .ARM.attributes
                0x00000dae       0x34 /usr/bin/../lib/gcc/arm-none-eabi/4.8.3/../../../../arm-none-eabi/lib/armv7e-m/fpu/libc.a(lib_a-lseekr.o)
 .ARM.attributes
                0x00000de2       0x34 /usr/bin/../lib/gcc/arm-none-eabi/4.8.3/../../../../arm-none-eabi/lib/armv7e-m/fpu/libc.a(lib_a-memmove.o)
 .ARM.attributes
                0x00000e16       0x34 /usr/bin/../lib/gcc/arm-none-eabi/4.8.3/../../../../arm-none-eabi/lib/armv7e-m/fpu/libc.a(lib_a-readr.o)
 .ARM.attributes
                0x00000e4a       0x34 /usr/bin/../lib/gcc/arm-none-eabi/4.8.3/../../../../arm-none-eabi/lib/armv7e-m/fpu/libc.a(lib_a-reallocr.o)
 .ARM.attributes
                0x00000e7e       0x34 /usr/bin/../lib/gcc/arm-none-eabi/4.8.3/../../../../arm-none-eabi/lib/armv7e-m/fpu/libc.a(lib_a-wbuf.o)
 .ARM.attributes
                0x00000eb2       0x34 /usr/bin/../lib/gcc/arm-none-eabi/4.8.3/../../../../arm-none-eabi/lib/armv7e-m/fpu/libc.a(lib_a-wcrtomb.o)
 .ARM.attributes
                0x00000ee6       0x34 /usr/bin/../lib/gcc/arm-none-eabi/4.8.3/../../../../arm-none-eabi/lib/armv7e-m/fpu/libc.a(lib_a-wctomb_r.o)
 .ARM.attributes
                0x00000f1a       0x22 /usr/bin/../lib/gcc/arm-none-eabi/4.8.3/armv7e-m/fpu/libgcc.a(_arm_addsubdf3.o)
 .ARM.attributes
                0x00000f3c       0x22 /usr/bin/../lib/gcc/arm-none-eabi/4.8.3/armv7e-m/fpu/libgcc.a(_arm_muldivdf3.o)
 .ARM.attributes
                0x00000f5e       0x22 /usr/bin/../lib/gcc/arm-none-eabi/4.8.3/armv7e-m/fpu/libgcc.a(_arm_cmpdf2.o)
 .ARM.attributes
                0x00000f80       0x22 /usr/bin/../lib/gcc/arm-none-eabi/4.8.3/armv7e-m/fpu/libgcc.a(_arm_fixdfsi.o)
 .ARM.attributes
                0x00000fa2       0x22 /usr/bin/../lib/gcc/arm-none-eabi/4.8.3/armv7e-m/fpu/libgcc.a(_arm_truncdfsf2.o)
 .ARM.attributes
                0x00000fc4       0x22 /usr/bin/../lib/gcc/arm-none-eabi/4.8.3/armv7e-m/fpu/libgcc.a(_aeabi_uldivmod.o)
 .ARM.attributes
                0x00000fe6       0x34 /usr/bin/../lib/gcc/arm-none-eabi/4.8.3/armv7e-m/fpu/libgcc.a(bpabi.o)
 .ARM.attributes
                0x0000101a       0x22 /usr/bin/../lib/gcc/arm-none-eabi/4.8.3/armv7e-m/fpu/libgcc.a(_dvmd_tls.o)
 .ARM.attributes
                0x0000103c       0x34 /usr/bin/../lib/gcc/arm-none-eabi/4.8.3/armv7e-m/fpu/libgcc.a(_divdi3.o)
 .ARM.attributes
                0x00001070       0x34 /usr/bin/../lib/gcc/arm-none-eabi/4.8.3/armv7e-m/fpu/libgcc.a(_udivdi3.o)
 .ARM.attributes
                0x000010a4       0x22 /usr/bin/../lib/gcc/arm-none-eabi/4.8.3/armv7e-m/fpu/crtn.o
OUTPUT(Navigation.elf elf32-littlearm)

.debug_info     0x00000000     0x67c9
 .debug_info    0x00000000      0x3a2 Libraries/STM32F30x_StdPeriph_Driver/src/stm32f30x_exti.o
 .debug_info    0x000003a2      0xbc5 Libraries/STM32F30x_StdPeriph_Driver/src/stm32f30x_i2c.o
 .debug_info    0x00000f67      0xa84 Libraries/STM32F30x_StdPeriph_Driver/src/stm32f30x_rcc.o
 .debug_info    0x000019eb      0x3a7 Libraries/STM32F30x_StdPeriph_Driver/src/stm32f30x_syscfg.o
 .debug_info    0x00001d92      0xe94 Libraries/STM32F30x_StdPeriph_Driver/src/stm32f30x_usart.o
 .debug_info    0x00002c26      0x520 Libraries/STM32F30x_StdPeriph_Driver/src/stm32f30x_misc.o
 .debug_info    0x00003146      0x5d2 Libraries/STM32F30x_StdPeriph_Driver/src/stm32f30x_gpio.o
 .debug_info    0x00003718      0x463 src/sensors.o
 .debug_info    0x00003b7b      0x101 src/common.o
 .debug_info    0x00003c7c      0x82b src/stm32f3_discovery.o
 .debug_info    0x000044a7      0x7ba src/newlib_stubs.o
 .debug_info    0x00004c61      0x95d src/stm32f3_discovery_lsm303dlhc.o
 .debug_info    0x000055be      0x8df src/main.o
 .debug_info    0x00005e9d      0x470 src/system_stm32f30x.o
 .debug_info    0x0000630d      0x45e src/usart.o
 .debug_info    0x0000676b       0x5e src/startup_stm32f30x.o

.debug_abbrev   0x00000000     0x15b0
 .debug_abbrev  0x00000000      0x17c Libraries/STM32F30x_StdPeriph_Driver/src/stm32f30x_exti.o
 .debug_abbrev  0x0000017c      0x180 Libraries/STM32F30x_StdPeriph_Driver/src/stm32f30x_i2c.o
 .debug_abbrev  0x000002fc      0x1e5 Libraries/STM32F30x_StdPeriph_Driver/src/stm32f30x_rcc.o
 .debug_abbrev  0x000004e1      0x183 Libraries/STM32F30x_StdPeriph_Driver/src/stm32f30x_syscfg.o
 .debug_abbrev  0x00000664      0x157 Libraries/STM32F30x_StdPeriph_Driver/src/stm32f30x_usart.o
 .debug_abbrev  0x000007bb      0x147 Libraries/STM32F30x_StdPeriph_Driver/src/stm32f30x_misc.o
 .debug_abbrev  0x00000902      0x196 Libraries/STM32F30x_StdPeriph_Driver/src/stm32f30x_gpio.o
 .debug_abbrev  0x00000a98       0xe7 src/sensors.o
 .debug_abbrev  0x00000b7f       0xa1 src/common.o
 .debug_abbrev  0x00000c20      0x185 src/stm32f3_discovery.o
 .debug_abbrev  0x00000da5      0x1fe src/newlib_stubs.o
 .debug_abbrev  0x00000fa3      0x19f src/stm32f3_discovery_lsm303dlhc.o
 .debug_abbrev  0x00001142      0x1d1 src/main.o
 .debug_abbrev  0x00001313      0x147 src/system_stm32f30x.o
 .debug_abbrev  0x0000145a      0x144 src/usart.o
 .debug_abbrev  0x0000159e       0x12 src/startup_stm32f30x.o

.debug_aranges  0x00000000      0x8a8
 .debug_aranges
                0x00000000       0x58 Libraries/STM32F30x_StdPeriph_Driver/src/stm32f30x_exti.o
 .debug_aranges
                0x00000058      0x168 Libraries/STM32F30x_StdPeriph_Driver/src/stm32f30x_i2c.o
 .debug_aranges
                0x000001c0      0x150 Libraries/STM32F30x_StdPeriph_Driver/src/stm32f30x_rcc.o
 .debug_aranges
                0x00000310       0x88 Libraries/STM32F30x_StdPeriph_Driver/src/stm32f30x_syscfg.o
 .debug_aranges
                0x00000398      0x1a0 Libraries/STM32F30x_StdPeriph_Driver/src/stm32f30x_usart.o
 .debug_aranges
                0x00000538       0x40 Libraries/STM32F30x_StdPeriph_Driver/src/stm32f30x_misc.o
 .debug_aranges
                0x00000578       0x80 Libraries/STM32F30x_StdPeriph_Driver/src/stm32f30x_gpio.o
 .debug_aranges
                0x000005f8       0x50 src/sensors.o
 .debug_aranges
                0x00000648       0x28 src/common.o
 .debug_aranges
                0x00000670       0x48 src/stm32f3_discovery.o
 .debug_aranges
                0x000006b8       0xa0 src/newlib_stubs.o
 .debug_aranges
                0x00000758       0x98 src/stm32f3_discovery_lsm303dlhc.o
 .debug_aranges
                0x000007f0       0x38 src/main.o
 .debug_aranges
                0x00000828       0x30 src/system_stm32f30x.o
 .debug_aranges
                0x00000858       0x28 src/usart.o
 .debug_aranges
                0x00000880       0x28 src/startup_stm32f30x.o

.debug_ranges   0x00000000      0x7b0
 .debug_ranges  0x00000000       0x48 Libraries/STM32F30x_StdPeriph_Driver/src/stm32f30x_exti.o
 .debug_ranges  0x00000048      0x158 Libraries/STM32F30x_StdPeriph_Driver/src/stm32f30x_i2c.o
 .debug_ranges  0x000001a0      0x140 Libraries/STM32F30x_StdPeriph_Driver/src/stm32f30x_rcc.o
 .debug_ranges  0x000002e0       0x78 Libraries/STM32F30x_StdPeriph_Driver/src/stm32f30x_syscfg.o
 .debug_ranges  0x00000358      0x190 Libraries/STM32F30x_StdPeriph_Driver/src/stm32f30x_usart.o
 .debug_ranges  0x000004e8       0x30 Libraries/STM32F30x_StdPeriph_Driver/src/stm32f30x_misc.o
 .debug_ranges  0x00000518       0x70 Libraries/STM32F30x_StdPeriph_Driver/src/stm32f30x_gpio.o
 .debug_ranges  0x00000588       0x40 src/sensors.o
 .debug_ranges  0x000005c8       0x18 src/common.o
 .debug_ranges  0x000005e0       0x38 src/stm32f3_discovery.o
 .debug_ranges  0x00000618       0x90 src/newlib_stubs.o
 .debug_ranges  0x000006a8       0x88 src/stm32f3_discovery_lsm303dlhc.o
 .debug_ranges  0x00000730       0x28 src/main.o
 .debug_ranges  0x00000758       0x20 src/system_stm32f30x.o
 .debug_ranges  0x00000778       0x18 src/usart.o
 .debug_ranges  0x00000790       0x20 src/startup_stm32f30x.o

.debug_line     0x00000000     0x26f4
 .debug_line    0x00000000      0x1e5 Libraries/STM32F30x_StdPeriph_Driver/src/stm32f30x_exti.o
 .debug_line    0x000001e5      0x4a0 Libraries/STM32F30x_StdPeriph_Driver/src/stm32f30x_i2c.o
 .debug_line    0x00000685      0x4c1 Libraries/STM32F30x_StdPeriph_Driver/src/stm32f30x_rcc.o
 .debug_line    0x00000b46      0x1ff Libraries/STM32F30x_StdPeriph_Driver/src/stm32f30x_syscfg.o
 .debug_line    0x00000d45      0x54d Libraries/STM32F30x_StdPeriph_Driver/src/stm32f30x_usart.o
 .debug_line    0x00001292      0x18b Libraries/STM32F30x_StdPeriph_Driver/src/stm32f30x_misc.o
 .debug_line    0x0000141d      0x256 Libraries/STM32F30x_StdPeriph_Driver/src/stm32f30x_gpio.o
 .debug_line    0x00001673      0x22a src/sensors.o
 .debug_line    0x0000189d       0xa5 src/common.o
 .debug_line    0x00001942      0x1c4 src/stm32f3_discovery.o
 .debug_line    0x00001b06      0x2c4 src/newlib_stubs.o
 .debug_line    0x00001dca      0x38d src/stm32f3_discovery_lsm303dlhc.o
 .debug_line    0x00002157      0x29f src/main.o
 .debug_line    0x000023f6      0x143 src/system_stm32f30x.o
 .debug_line    0x00002539      0x147 src/usart.o
 .debug_line    0x00002680       0x74 src/startup_stm32f30x.o

.debug_str      0x00000000     0x2c2f
 .debug_str     0x00000000      0x36f Libraries/STM32F30x_StdPeriph_Driver/src/stm32f30x_exti.o
                                0x3c5 (size before relaxing)
 .debug_str     0x0000036f      0x491 Libraries/STM32F30x_StdPeriph_Driver/src/stm32f30x_i2c.o
                                0x67d (size before relaxing)
 .debug_str     0x00000800      0x618 Libraries/STM32F30x_StdPeriph_Driver/src/stm32f30x_rcc.o
                                0x824 (size before relaxing)
 .debug_str     0x00000e18      0x25f Libraries/STM32F30x_StdPeriph_Driver/src/stm32f30x_syscfg.o
                                0x437 (size before relaxing)
 .debug_str     0x00001077      0x703 Libraries/STM32F30x_StdPeriph_Driver/src/stm32f30x_usart.o
                                0xa2f (size before relaxing)
 .debug_str     0x0000177a      0x22a Libraries/STM32F30x_StdPeriph_Driver/src/stm32f30x_misc.o
                                0x409 (size before relaxing)
 .debug_str     0x000019a4      0x2e9 Libraries/STM32F30x_StdPeriph_Driver/src/stm32f30x_gpio.o
                                0x4c8 (size before relaxing)
 .debug_str     0x00001c8d      0x32d src/sensors.o
                                0x4fe (size before relaxing)
 .debug_str     0x00001fba       0x35 src/common.o
                                0x1da (size before relaxing)
 .debug_str     0x00001fef      0x5f8 src/stm32f3_discovery.o
                                0xa86 (size before relaxing)
 .debug_str     0x000025e7      0x1ec src/newlib_stubs.o
                                0x3fe (size before relaxing)
 .debug_str     0x000027d3      0x2b4 src/stm32f3_discovery_lsm303dlhc.o
                                0x916 (size before relaxing)
 .debug_str     0x00002a87       0xf1 src/main.o
                                0x939 (size before relaxing)
 .debug_str     0x00002b78       0x78 src/system_stm32f30x.o
                                0x313 (size before relaxing)
 .debug_str     0x00002bf0       0x3f src/usart.o
                                0x432 (size before relaxing)

.comment        0x00000000       0x70
 .comment       0x00000000       0x70 Libraries/STM32F30x_StdPeriph_Driver/src/stm32f30x_exti.o
                                 0x71 (size before relaxing)
 .comment       0x00000000       0x71 Libraries/STM32F30x_StdPeriph_Driver/src/stm32f30x_i2c.o
 .comment       0x00000000       0x71 Libraries/STM32F30x_StdPeriph_Driver/src/stm32f30x_rcc.o
 .comment       0x00000000       0x71 Libraries/STM32F30x_StdPeriph_Driver/src/stm32f30x_syscfg.o
 .comment       0x00000000       0x71 Libraries/STM32F30x_StdPeriph_Driver/src/stm32f30x_usart.o
 .comment       0x00000000       0x71 Libraries/STM32F30x_StdPeriph_Driver/src/stm32f30x_misc.o
 .comment       0x00000000       0x71 Libraries/STM32F30x_StdPeriph_Driver/src/stm32f30x_gpio.o
 .comment       0x00000000       0x71 src/sensors.o
 .comment       0x00000000       0x71 src/common.o
 .comment       0x00000000       0x71 src/stm32f3_discovery.o
 .comment       0x00000000       0x71 src/newlib_stubs.o
 .comment       0x00000000       0x71 src/stm32f3_discovery_lsm303dlhc.o
 .comment       0x00000000       0x71 src/main.o
 .comment       0x00000000       0x71 src/system_stm32f30x.o
 .comment       0x00000000       0x71 src/usart.o

.debug_frame    0x00000000     0x2a28
 .debug_frame   0x00000000       0xec Libraries/STM32F30x_StdPeriph_Driver/src/stm32f30x_exti.o
 .debug_frame   0x000000ec      0x4ac Libraries/STM32F30x_StdPeriph_Driver/src/stm32f30x_i2c.o
 .debug_frame   0x00000598      0x44c Libraries/STM32F30x_StdPeriph_Driver/src/stm32f30x_rcc.o
 .debug_frame   0x000009e4      0x194 Libraries/STM32F30x_StdPeriph_Driver/src/stm32f30x_syscfg.o
 .debug_frame   0x00000b78      0x574 Libraries/STM32F30x_StdPeriph_Driver/src/stm32f30x_usart.o
 .debug_frame   0x000010ec       0x9c Libraries/STM32F30x_StdPeriph_Driver/src/stm32f30x_misc.o
 .debug_frame   0x00001188      0x180 Libraries/STM32F30x_StdPeriph_Driver/src/stm32f30x_gpio.o
 .debug_frame   0x00001308       0xe0 src/sensors.o
 .debug_frame   0x000013e8       0x44 src/common.o
 .debug_frame   0x0000142c       0xc4 src/stm32f3_discovery.o
 .debug_frame   0x000014f0      0x1ec src/newlib_stubs.o
 .debug_frame   0x000016dc      0x210 src/stm32f3_discovery_lsm303dlhc.o
 .debug_frame   0x000018ec       0x94 src/main.o
 .debug_frame   0x00001980       0x64 src/system_stm32f30x.o
 .debug_frame   0x000019e4       0x4c src/usart.o
 .debug_frame   0x00001a30       0x34 /usr/bin/../lib/gcc/arm-none-eabi/4.8.3/../../../../arm-none-eabi/lib/armv7e-m/fpu/libm.a(lib_a-w_acos.o)
 .debug_frame   0x00001a64       0x38 /usr/bin/../lib/gcc/arm-none-eabi/4.8.3/../../../../arm-none-eabi/lib/armv7e-m/fpu/libm.a(lib_a-w_sqrt.o)
 .debug_frame   0x00001a9c       0x20 /usr/bin/../lib/gcc/arm-none-eabi/4.8.3/../../../../arm-none-eabi/lib/armv7e-m/fpu/libm.a(lib_a-wf_atan2.o)
 .debug_frame   0x00001abc       0x40 /usr/bin/../lib/gcc/arm-none-eabi/4.8.3/../../../../arm-none-eabi/lib/armv7e-m/fpu/libm.a(lib_a-e_acos.o)
 .debug_frame   0x00001afc       0x3c /usr/bin/../lib/gcc/arm-none-eabi/4.8.3/../../../../arm-none-eabi/lib/armv7e-m/fpu/libm.a(lib_a-e_sqrt.o)
 .debug_frame   0x00001b38       0x2c /usr/bin/../lib/gcc/arm-none-eabi/4.8.3/../../../../arm-none-eabi/lib/armv7e-m/fpu/libm.a(lib_a-ef_atan2.o)
 .debug_frame   0x00001b64       0x20 /usr/bin/../lib/gcc/arm-none-eabi/4.8.3/../../../../arm-none-eabi/lib/armv7e-m/fpu/libm.a(lib_a-s_fabs.o)
 .debug_frame   0x00001b84       0x28 /usr/bin/../lib/gcc/arm-none-eabi/4.8.3/../../../../arm-none-eabi/lib/armv7e-m/fpu/libm.a(lib_a-s_fpclassify.o)
 .debug_frame   0x00001bac       0x20 /usr/bin/../lib/gcc/arm-none-eabi/4.8.3/../../../../arm-none-eabi/lib/armv7e-m/fpu/libm.a(lib_a-s_matherr.o)
 .debug_frame   0x00001bcc       0x20 /usr/bin/../lib/gcc/arm-none-eabi/4.8.3/../../../../arm-none-eabi/lib/armv7e-m/fpu/libm.a(lib_a-s_nan.o)
 .debug_frame   0x00001bec       0x2c /usr/bin/../lib/gcc/arm-none-eabi/4.8.3/../../../../arm-none-eabi/lib/armv7e-m/fpu/libm.a(lib_a-sf_atan.o)
 .debug_frame   0x00001c18       0x20 /usr/bin/../lib/gcc/arm-none-eabi/4.8.3/../../../../arm-none-eabi/lib/armv7e-m/fpu/libm.a(lib_a-sf_fabs.o)
 .debug_frame   0x00001c38       0x20 /usr/bin/../lib/gcc/arm-none-eabi/4.8.3/../../../../arm-none-eabi/lib/armv7e-m/fpu/libc.a(lib_a-errno.o)
 .debug_frame   0x00001c58       0x2c /usr/bin/../lib/gcc/arm-none-eabi/4.8.3/../../../../arm-none-eabi/lib/armv7e-m/fpu/libc.a(lib_a-init.o)
 .debug_frame   0x00001c84       0x2c /usr/bin/../lib/gcc/arm-none-eabi/4.8.3/../../../../arm-none-eabi/lib/armv7e-m/fpu/libc.a(lib_a-memset.o)
 .debug_frame   0x00001cb0       0x58 /usr/bin/../lib/gcc/arm-none-eabi/4.8.3/../../../../arm-none-eabi/lib/armv7e-m/fpu/libc.a(lib_a-printf.o)
 .debug_frame   0x00001d08       0x48 /usr/bin/../lib/gcc/arm-none-eabi/4.8.3/../../../../arm-none-eabi/lib/armv7e-m/fpu/libc.a(lib_a-reent.o)
 .debug_frame   0x00001d50       0x7c /usr/bin/../lib/gcc/arm-none-eabi/4.8.3/../../../../arm-none-eabi/lib/armv7e-m/fpu/libc.a(lib_a-vfprintf.o)
 .debug_frame   0x00001dcc       0x2c /usr/bin/../lib/gcc/arm-none-eabi/4.8.3/../../../../arm-none-eabi/lib/armv7e-m/fpu/libc.a(lib_a-wsetup.o)
 .debug_frame   0x00001df8       0x48 /usr/bin/../lib/gcc/arm-none-eabi/4.8.3/../../../../arm-none-eabi/lib/armv7e-m/fpu/libc.a(lib_a-__call_atexit.o)
 .debug_frame   0x00001e40       0x20 /usr/bin/../lib/gcc/arm-none-eabi/4.8.3/../../../../arm-none-eabi/lib/armv7e-m/fpu/libc.a(lib_a-atexit.o)
 .debug_frame   0x00001e60       0x64 /usr/bin/../lib/gcc/arm-none-eabi/4.8.3/../../../../arm-none-eabi/lib/armv7e-m/fpu/libc.a(lib_a-dtoa.o)
 .debug_frame   0x00001ec4       0x5c /usr/bin/../lib/gcc/arm-none-eabi/4.8.3/../../../../arm-none-eabi/lib/armv7e-m/fpu/libc.a(lib_a-fflush.o)
 .debug_frame   0x00001f20      0x110 /usr/bin/../lib/gcc/arm-none-eabi/4.8.3/../../../../arm-none-eabi/lib/armv7e-m/fpu/libc.a(lib_a-findfp.o)
 .debug_frame   0x00002030       0x2c /usr/bin/../lib/gcc/arm-none-eabi/4.8.3/../../../../arm-none-eabi/lib/armv7e-m/fpu/libc.a(lib_a-fini.o)
 .debug_frame   0x0000205c       0x50 /usr/bin/../lib/gcc/arm-none-eabi/4.8.3/../../../../arm-none-eabi/lib/armv7e-m/fpu/libc.a(lib_a-freer.o)
 .debug_frame   0x000020ac       0x54 /usr/bin/../lib/gcc/arm-none-eabi/4.8.3/../../../../arm-none-eabi/lib/armv7e-m/fpu/libc.a(lib_a-fwalk.o)
 .debug_frame   0x00002100       0x98 /usr/bin/../lib/gcc/arm-none-eabi/4.8.3/../../../../arm-none-eabi/lib/armv7e-m/fpu/libc.a(lib_a-locale.o)
 .debug_frame   0x00002198       0x30 /usr/bin/../lib/gcc/arm-none-eabi/4.8.3/../../../../arm-none-eabi/lib/armv7e-m/fpu/libc.a(lib_a-makebuf.o)
 .debug_frame   0x000021c8       0x38 /usr/bin/../lib/gcc/arm-none-eabi/4.8.3/../../../../arm-none-eabi/lib/armv7e-m/fpu/libc.a(lib_a-mallocr.o)
 .debug_frame   0x00002200       0x2c /usr/bin/../lib/gcc/arm-none-eabi/4.8.3/../../../../arm-none-eabi/lib/armv7e-m/fpu/libc.a(lib_a-memchr-stub.o)
 .debug_frame   0x0000222c       0x30 /usr/bin/../lib/gcc/arm-none-eabi/4.8.3/../../../../arm-none-eabi/lib/armv7e-m/fpu/libc.a(lib_a-mlock.o)
 .debug_frame   0x0000225c      0x22c /usr/bin/../lib/gcc/arm-none-eabi/4.8.3/../../../../arm-none-eabi/lib/armv7e-m/fpu/libc.a(lib_a-mprec.o)
 .debug_frame   0x00002488       0x2c /usr/bin/../lib/gcc/arm-none-eabi/4.8.3/../../../../arm-none-eabi/lib/armv7e-m/fpu/libc.a(lib_a-sbrkr.o)
 .debug_frame   0x000024b4       0x80 /usr/bin/../lib/gcc/arm-none-eabi/4.8.3/../../../../arm-none-eabi/lib/armv7e-m/fpu/libc.a(lib_a-stdio.o)
 .debug_frame   0x00002534       0x20 /usr/bin/../lib/gcc/arm-none-eabi/4.8.3/../../../../arm-none-eabi/lib/armv7e-m/fpu/libc.a(lib_a-strlen.o)
 .debug_frame   0x00002554       0xb8 /usr/bin/../lib/gcc/arm-none-eabi/4.8.3/../../../../arm-none-eabi/lib/armv7e-m/fpu/libc.a(lib_a-vfiprintf.o)
 .debug_frame   0x0000260c       0x2c /usr/bin/../lib/gcc/arm-none-eabi/4.8.3/../../../../arm-none-eabi/lib/armv7e-m/fpu/libc.a(lib_a-writer.o)
 .debug_frame   0x00002638       0x30 /usr/bin/../lib/gcc/arm-none-eabi/4.8.3/../../../../arm-none-eabi/lib/armv7e-m/fpu/libc.a(lib_a-__atexit.o)
 .debug_frame   0x00002668       0x28 /usr/bin/../lib/gcc/arm-none-eabi/4.8.3/../../../../arm-none-eabi/lib/armv7e-m/fpu/libc.a(lib_a-callocr.o)
 .debug_frame   0x00002690       0x2c /usr/bin/../lib/gcc/arm-none-eabi/4.8.3/../../../../arm-none-eabi/lib/armv7e-m/fpu/libc.a(lib_a-closer.o)
 .debug_frame   0x000026bc       0x3c /usr/bin/../lib/gcc/arm-none-eabi/4.8.3/../../../../arm-none-eabi/lib/armv7e-m/fpu/libc.a(lib_a-fclose.o)
 .debug_frame   0x000026f8       0x50 /usr/bin/../lib/gcc/arm-none-eabi/4.8.3/../../../../arm-none-eabi/lib/armv7e-m/fpu/libc.a(lib_a-fputwc.o)
 .debug_frame   0x00002748       0x2c /usr/bin/../lib/gcc/arm-none-eabi/4.8.3/../../../../arm-none-eabi/lib/armv7e-m/fpu/libc.a(lib_a-fstatr.o)
 .debug_frame   0x00002774       0x38 /usr/bin/../lib/gcc/arm-none-eabi/4.8.3/../../../../arm-none-eabi/lib/armv7e-m/fpu/libc.a(lib_a-fvwrite.o)
 .debug_frame   0x000027ac       0x2c /usr/bin/../lib/gcc/arm-none-eabi/4.8.3/../../../../arm-none-eabi/lib/armv7e-m/fpu/libc.a(lib_a-isattyr.o)
 .debug_frame   0x000027d8       0x2c /usr/bin/../lib/gcc/arm-none-eabi/4.8.3/../../../../arm-none-eabi/lib/armv7e-m/fpu/libc.a(lib_a-lseekr.o)
 .debug_frame   0x00002804       0x2c /usr/bin/../lib/gcc/arm-none-eabi/4.8.3/../../../../arm-none-eabi/lib/armv7e-m/fpu/libc.a(lib_a-memmove.o)
 .debug_frame   0x00002830       0x2c /usr/bin/../lib/gcc/arm-none-eabi/4.8.3/../../../../arm-none-eabi/lib/armv7e-m/fpu/libc.a(lib_a-readr.o)
 .debug_frame   0x0000285c       0x38 /usr/bin/../lib/gcc/arm-none-eabi/4.8.3/../../../../arm-none-eabi/lib/armv7e-m/fpu/libc.a(lib_a-reallocr.o)
 .debug_frame   0x00002894       0x40 /usr/bin/../lib/gcc/arm-none-eabi/4.8.3/../../../../arm-none-eabi/lib/armv7e-m/fpu/libc.a(lib_a-wbuf.o)
 .debug_frame   0x000028d4       0x58 /usr/bin/../lib/gcc/arm-none-eabi/4.8.3/../../../../arm-none-eabi/lib/armv7e-m/fpu/libc.a(lib_a-wcrtomb.o)
 .debug_frame   0x0000292c       0x44 /usr/bin/../lib/gcc/arm-none-eabi/4.8.3/../../../../arm-none-eabi/lib/armv7e-m/fpu/libc.a(lib_a-wctomb_r.o)
 .debug_frame   0x00002970       0x50 /usr/bin/../lib/gcc/arm-none-eabi/4.8.3/armv7e-m/fpu/libgcc.a(bpabi.o)
 .debug_frame   0x000029c0       0x34 /usr/bin/../lib/gcc/arm-none-eabi/4.8.3/armv7e-m/fpu/libgcc.a(_divdi3.o)
 .debug_frame   0x000029f4       0x34 /usr/bin/../lib/gcc/arm-none-eabi/4.8.3/armv7e-m/fpu/libgcc.a(_udivdi3.o)
